Archive member included to satisfy reference by file (symbol)

/Applications/eclipse/plugins/fr.ac6.mcu.externaltools.arm-none.macos64_1.11.0.201610101357/tools/gcc-arm-none-eabi-5_4-2016q2/bin/../lib/gcc/arm-none-eabi/5.4.1/armv6-m/libgcc.a(_thumb1_case_uqi.o)
                              Drivers/STM32L0xx_HAL_Driver/Src/stm32l0xx_hal_rcc.o (__gnu_thumb1_case_uqi)
/Applications/eclipse/plugins/fr.ac6.mcu.externaltools.arm-none.macos64_1.11.0.201610101357/tools/gcc-arm-none-eabi-5_4-2016q2/bin/../lib/gcc/arm-none-eabi/5.4.1/armv6-m/libgcc.a(_udivsi3.o)
                              Src/main.o (__aeabi_uidiv)
/Applications/eclipse/plugins/fr.ac6.mcu.externaltools.arm-none.macos64_1.11.0.201610101357/tools/gcc-arm-none-eabi-5_4-2016q2/bin/../lib/gcc/arm-none-eabi/5.4.1/armv6-m/libgcc.a(_dvmd_tls.o)
                              /Applications/eclipse/plugins/fr.ac6.mcu.externaltools.arm-none.macos64_1.11.0.201610101357/tools/gcc-arm-none-eabi-5_4-2016q2/bin/../lib/gcc/arm-none-eabi/5.4.1/armv6-m/libgcc.a(_udivsi3.o) (__aeabi_idiv0)
/Applications/eclipse/plugins/fr.ac6.mcu.externaltools.arm-none.macos64_1.11.0.201610101357/tools/gcc-arm-none-eabi-5_4-2016q2/bin/../lib/gcc/arm-none-eabi/5.4.1/armv6-m/libgcc.a(_fixunsdfsi.o)
                              Drivers/STM32L0xx_HAL_Driver/Src/stm32l0xx_hal_uart.o (__aeabi_d2uiz)
/Applications/eclipse/plugins/fr.ac6.mcu.externaltools.arm-none.macos64_1.11.0.201610101357/tools/gcc-arm-none-eabi-5_4-2016q2/bin/../lib/gcc/arm-none-eabi/5.4.1/armv6-m/libgcc.a(adddf3.o)
                              Drivers/STM32L0xx_HAL_Driver/Src/stm32l0xx_hal_uart.o (__aeabi_dadd)
/Applications/eclipse/plugins/fr.ac6.mcu.externaltools.arm-none.macos64_1.11.0.201610101357/tools/gcc-arm-none-eabi-5_4-2016q2/bin/../lib/gcc/arm-none-eabi/5.4.1/armv6-m/libgcc.a(divdf3.o)
                              Drivers/STM32L0xx_HAL_Driver/Src/stm32l0xx_hal_uart.o (__aeabi_ddiv)
/Applications/eclipse/plugins/fr.ac6.mcu.externaltools.arm-none.macos64_1.11.0.201610101357/tools/gcc-arm-none-eabi-5_4-2016q2/bin/../lib/gcc/arm-none-eabi/5.4.1/armv6-m/libgcc.a(muldf3.o)
                              Drivers/STM32L0xx_HAL_Driver/Src/stm32l0xx_hal_uart.o (__aeabi_dmul)
/Applications/eclipse/plugins/fr.ac6.mcu.externaltools.arm-none.macos64_1.11.0.201610101357/tools/gcc-arm-none-eabi-5_4-2016q2/bin/../lib/gcc/arm-none-eabi/5.4.1/armv6-m/libgcc.a(subdf3.o)
                              /Applications/eclipse/plugins/fr.ac6.mcu.externaltools.arm-none.macos64_1.11.0.201610101357/tools/gcc-arm-none-eabi-5_4-2016q2/bin/../lib/gcc/arm-none-eabi/5.4.1/armv6-m/libgcc.a(_fixunsdfsi.o) (__aeabi_dsub)
/Applications/eclipse/plugins/fr.ac6.mcu.externaltools.arm-none.macos64_1.11.0.201610101357/tools/gcc-arm-none-eabi-5_4-2016q2/bin/../lib/gcc/arm-none-eabi/5.4.1/armv6-m/libgcc.a(fixdfsi.o)
                              /Applications/eclipse/plugins/fr.ac6.mcu.externaltools.arm-none.macos64_1.11.0.201610101357/tools/gcc-arm-none-eabi-5_4-2016q2/bin/../lib/gcc/arm-none-eabi/5.4.1/armv6-m/libgcc.a(_fixunsdfsi.o) (__aeabi_d2iz)
/Applications/eclipse/plugins/fr.ac6.mcu.externaltools.arm-none.macos64_1.11.0.201610101357/tools/gcc-arm-none-eabi-5_4-2016q2/bin/../lib/gcc/arm-none-eabi/5.4.1/armv6-m/libgcc.a(floatunsidf.o)
                              Drivers/STM32L0xx_HAL_Driver/Src/stm32l0xx_hal_uart.o (__aeabi_ui2d)
/Applications/eclipse/plugins/fr.ac6.mcu.externaltools.arm-none.macos64_1.11.0.201610101357/tools/gcc-arm-none-eabi-5_4-2016q2/bin/../lib/gcc/arm-none-eabi/5.4.1/armv6-m/libgcc.a(_arm_cmpdf2.o)
                              /Applications/eclipse/plugins/fr.ac6.mcu.externaltools.arm-none.macos64_1.11.0.201610101357/tools/gcc-arm-none-eabi-5_4-2016q2/bin/../lib/gcc/arm-none-eabi/5.4.1/armv6-m/libgcc.a(_fixunsdfsi.o) (__aeabi_dcmpge)
/Applications/eclipse/plugins/fr.ac6.mcu.externaltools.arm-none.macos64_1.11.0.201610101357/tools/gcc-arm-none-eabi-5_4-2016q2/bin/../lib/gcc/arm-none-eabi/5.4.1/armv6-m/libgcc.a(_clzsi2.o)
                              /Applications/eclipse/plugins/fr.ac6.mcu.externaltools.arm-none.macos64_1.11.0.201610101357/tools/gcc-arm-none-eabi-5_4-2016q2/bin/../lib/gcc/arm-none-eabi/5.4.1/armv6-m/libgcc.a(adddf3.o) (__clzsi2)
/Applications/eclipse/plugins/fr.ac6.mcu.externaltools.arm-none.macos64_1.11.0.201610101357/tools/gcc-arm-none-eabi-5_4-2016q2/bin/../lib/gcc/arm-none-eabi/5.4.1/armv6-m/libgcc.a(eqdf2.o)
                              /Applications/eclipse/plugins/fr.ac6.mcu.externaltools.arm-none.macos64_1.11.0.201610101357/tools/gcc-arm-none-eabi-5_4-2016q2/bin/../lib/gcc/arm-none-eabi/5.4.1/armv6-m/libgcc.a(_arm_cmpdf2.o) (__eqdf2)
/Applications/eclipse/plugins/fr.ac6.mcu.externaltools.arm-none.macos64_1.11.0.201610101357/tools/gcc-arm-none-eabi-5_4-2016q2/bin/../lib/gcc/arm-none-eabi/5.4.1/armv6-m/libgcc.a(gedf2.o)
[...]
Memory Configuration

Name             Origin             Length             Attributes
RAM              0x0000000020000000 0x0000000000002000 xrw
FLASH            0x0000000008000000 0x0000000000010000 xr
*default*        0x0000000000000000 0xffffffffffffffff

Linker script and memory map

LOAD /Applications/eclipse/plugins/fr.ac6.mcu.externaltools.arm-none.macos64_1.11.0.201610101357/tools/gcc-arm-none-eabi-5_4-2016q2/bin/../lib/gcc/arm-none-eabi/5.4.1/armv6-m/crti.o
LOAD /Applications/eclipse/plugins/fr.ac6.mcu.externaltools.arm-none.macos64_1.11.0.201610101357/tools/gcc-arm-none-eabi-5_4-2016q2/bin/../lib/gcc/arm-none-eabi/5.4.1/armv6-m/crtbegin.o
LOAD /Applications/eclipse/plugins/fr.ac6.mcu.externaltools.arm-none.macos64_1.11.0.201610101357/tools/gcc-arm-none-eabi-5_4-2016q2/bin/../lib/gcc/arm-none-eabi/5.4.1/../../../../arm-none-eabi/lib/armv6-m/crt0.o
LOAD /Applications/eclipse/plugins/fr.ac6.mcu.externaltools.arm-none.macos64_1.11.0.201610101357/tools/gcc-arm-none-eabi-5_4-2016q2/bin/../lib/gcc/arm-none-eabi/5.4.1/../../../../arm-none-eabi/lib/armv6-m/libm.a
LOAD Src/gpio.o
LOAD Src/main.o
LOAD Src/rtc.o
LOAD Src/stm32l0xx_hal_msp.o
LOAD Src/stm32l0xx_it.o
LOAD Src/usart.o
LOAD Drivers/STM32L0xx_HAL_Driver/Src/stm32l0xx_hal.o
LOAD Drivers/STM32L0xx_HAL_Driver/Src/stm32l0xx_hal_cortex.o
LOAD Drivers/STM32L0xx_HAL_Driver/Src/stm32l0xx_hal_dma.o
LOAD Drivers/STM32L0xx_HAL_Driver/Src/stm32l0xx_hal_flash.o
LOAD Drivers/STM32L0xx_HAL_Driver/Src/stm32l0xx_hal_flash_ex.o
LOAD Drivers/STM32L0xx_HAL_Driver/Src/stm32l0xx_hal_flash_ramfunc.o
LOAD Drivers/STM32L0xx_HAL_Driver/Src/stm32l0xx_hal_gpio.o
LOAD Drivers/STM32L0xx_HAL_Driver/Src/stm32l0xx_hal_i2c.o
LOAD Drivers/STM32L0xx_HAL_Driver/Src/stm32l0xx_hal_i2c_ex.o
LOAD Drivers/STM32L0xx_HAL_Driver/Src/stm32l0xx_hal_pwr.o
LOAD Drivers/STM32L0xx_HAL_Driver/Src/stm32l0xx_hal_pwr_ex.o
LOAD Drivers/STM32L0xx_HAL_Driver/Src/stm32l0xx_hal_rcc.o
LOAD Drivers/STM32L0xx_HAL_Driver/Src/stm32l0xx_hal_rcc_ex.o
LOAD Drivers/STM32L0xx_HAL_Driver/Src/stm32l0xx_hal_rtc.o
LOAD Drivers/STM32L0xx_HAL_Driver/Src/stm32l0xx_hal_rtc_ex.o
LOAD Drivers/STM32L0xx_HAL_Driver/Src/stm32l0xx_hal_tim.o
LOAD Drivers/STM32L0xx_HAL_Driver/Src/stm32l0xx_hal_tim_ex.o
LOAD Drivers/STM32L0xx_HAL_Driver/Src/stm32l0xx_hal_uart.o
LOAD Drivers/STM32L0xx_HAL_Driver/Src/stm32l0xx_hal_uart_ex.o
LOAD Drivers/CMSIS/Device/ST/STM32L0xx/Source/Templates/system_stm32l0xx.o
LOAD Drivers/CMSIS/Device/ST/STM32L0xx/Source/Templates/gcc/startup_stm32l052xx.o
START GROUP
LOAD /Applications/eclipse/plugins/fr.ac6.mcu.externaltools.arm-none.macos64_1.11.0.201610101357/tools/gcc-arm-none-eabi-5_4-2016q2/bin/../lib/gcc/arm-none-eabi/5.4.1/armv6-m/libgcc.a
LOAD /Applications/eclipse/plugins/fr.ac6.mcu.externaltools.arm-none.macos64_1.11.0.201610101357/tools/gcc-arm-none-eabi-5_4-2016q2/bin/../lib/gcc/arm-none-eabi/5.4.1/../../../../arm-none-eabi/lib/armv6-m/libc_nano.a
END GROUP
START GROUP
LOAD /Applications/eclipse/plugins/fr.ac6.mcu.externaltools.arm-none.macos64_1.11.0.201610101357/tools/gcc-arm-none-eabi-5_4-2016q2/bin/../lib/gcc/arm-none-eabi/5.4.1/armv6-m/libgcc.a
LOAD /Applications/eclipse/plugins/fr.ac6.mcu.externaltools.arm-none.macos64_1.11.0.201610101357/tools/gcc-arm-none-eabi-5_4-2016q2/bin/../lib/gcc/arm-none-eabi/5.4.1/../../../../arm-none-eabi/lib/armv6-m/libc_nano.a
LOAD /Applications/eclipse/plugins/fr.ac6.mcu.externaltools.arm-none.macos64_1.11.0.201610101357/tools/gcc-arm-none-eabi-5_4-2016q2/bin/../lib/gcc/arm-none-eabi/5.4.1/../../../../arm-none-eabi/lib/armv6-m/libnosys.a
END GROUP
START GROUP
LOAD /Applications/eclipse/plugins/fr.ac6.mcu.externaltools.arm-none.macos64_1.11.0.201610101357/tools/gcc-arm-none-eabi-5_4-2016q2/bin/../lib/gcc/arm-none-eabi/5.4.1/armv6-m/libgcc.a
LOAD /Applications/eclipse/plugins/fr.ac6.mcu.externaltools.arm-none.macos64_1.11.0.201610101357/tools/gcc-arm-none-eabi-5_4-2016q2/bin/../lib/gcc/arm-none-eabi/5.4.1/../../../../arm-none-eabi/lib/armv6-m/libc_nano.a
LOAD /Applications/eclipse/plugins/fr.ac6.mcu.externaltools.arm-none.macos64_1.11.0.201610101357/tools/gcc-arm-none-eabi-5_4-2016q2/bin/../lib/gcc/arm-none-eabi/5.4.1/../../../../arm-none-eabi/lib/armv6-m/libnosys.a
END GROUP
LOAD /Applications/eclipse/plugins/fr.ac6.mcu.externaltools.arm-none.macos64_1.11.0.201610101357/tools/gcc-arm-none-eabi-5_4-2016q2/bin/../lib/gcc/arm-none-eabi/5.4.1/armv6-m/crtend.o
LOAD /Applications/eclipse/plugins/fr.ac6.mcu.externaltools.arm-none.macos64_1.11.0.201610101357/tools/gcc-arm-none-eabi-5_4-2016q2/bin/../lib/gcc/arm-none-eabi/5.4.1/armv6-m/crtn.o
                0x0000000020002000                _estack = 0x20002000
                0x0000000000000200                _Min_Heap_Size = 0x200
                0x0000000000000400                _Min_Stack_Size = 0x400

.isr_vector     0x0000000008000000       0xc0
                0x0000000008000000                . = ALIGN (0x4)
 *(.isr_vector)
 .isr_vector    0x0000000008000000       0xc0 Drivers/CMSIS/Device/ST/STM32L0xx/Source/Templates/gcc/startup_stm32l052xx.o
                0x0000000008000000                g_pfnVectors
                0x00000000080000c0                . = ALIGN (0x4)

.text           0x00000000080000c0     0x3dc8
                0x00000000080000c0                . = ALIGN (0x4)
 *(.text)
 .text          0x00000000080000c0       0x60 /Applications/eclipse/plugins/fr.ac6.mcu.externaltools.arm-none.macos64_1.11.0.201610101357/tools/gcc-arm-none-eabi-5_4-2016q2/bin/../lib/gcc/arm-none-eabi/5.4.1/armv6-m/crtbegin.o
 .text          0x0000000008000120       0x14 /Applications/eclipse/plugins/fr.ac6.mcu.externaltools.arm-none.macos64_1.11.0.201610101357/tools/gcc-arm-none-eabi-5_4-2016q2/bin/../lib/gcc/arm-none-eabi/5.4.1/armv6-m/libgcc.a(_thumb1_case_uqi.o)
                0x0000000008000120                __gnu_thumb1_case_uqi
 .text          0x0000000008000134      0x114 /Applications/eclipse/plugins/fr.ac6.mcu.externaltools.arm-none.macos64_1.11.0.201610101357/tools/gcc-arm-none-eabi-5_4-2016q2/bin/../lib/gcc/arm-none-eabi/5.4.1/armv6-m/libgcc.a(_udivsi3.o)
                0x0000000008000134                __udivsi3
                0x0000000008000134                __aeabi_uidiv
                0x0000000008000240                __aeabi_uidivmod
 .text          0x0000000008000248        0x4 /Applications/eclipse/plugins/fr.ac6.mcu.externaltools.arm-none.macos64_1.11.0.201610101357/tools/gcc-arm-none-eabi-5_4-2016q2/bin/../lib/gcc/arm-none-eabi/5.4.1/armv6-m/libgcc.a(_dvmd_tls.o)
                0x0000000008000248                __aeabi_ldiv0
                0x0000000008000248                __aeabi_idiv0
 .text          0x000000000800024c       0x3c /Applications/eclipse/plugins/fr.ac6.mcu.externaltools.arm-none.macos64_1.11.0.201610101357/tools/gcc-arm-none-eabi-5_4-2016q2/bin/../lib/gcc/arm-none-eabi/5.4.1/armv6-m/libgcc.a(_fixunsdfsi.o)
                0x000000000800024c                __fixunsdfsi
                0x000000000800024c                __aeabi_d2uiz
 .text          0x0000000008000288      0x658 /Applications/eclipse/plugins/fr.ac6.mcu.externaltools.arm-none.macos64_1.11.0.201610101357/tools/gcc-arm-none-eabi-5_4-2016q2/bin/../lib/gcc/arm-none-eabi/5.4.1/armv6-m/libgcc.a(adddf3.o)
                0x0000000008000288                __aeabi_dadd
 .text          0x00000000080008e0      0x62c /Applications/eclipse/plugins/fr.ac6.mcu.externaltools.arm-none.macos64_1.11.0.201610101357/tools/gcc-arm-none-eabi-5_4-2016q2/bin/../lib/gcc/arm-none-eabi/5.4.1/armv6-m/libgcc.a(divdf3.o)
                0x00000000080008e0                __aeabi_ddiv
 .text          0x0000000008000f0c      0x4f4 /Applications/eclipse/plugins/fr.ac6.mcu.externaltools.arm-none.macos64_1.11.0.201610101357/tools/gcc-arm-none-eabi-5_4-2016q2/bin/../lib/gcc/arm-none-eabi/5.4.1/armv6-m/libgcc.a(muldf3.o)
                0x0000000008000f0c                __aeabi_dmul
 .text          0x0000000008001400      0x6a8 /Applications/eclipse/plugins/fr.ac6.mcu.externaltools.arm-none.macos64_1.11.0.201610101357/tools/gcc-arm-none-eabi-5_4-2016q2/bin/../lib/gcc/arm-none-eabi/5.4.1/armv6-m/libgcc.a(subdf3.o)
                0x0000000008001400                __aeabi_dsub
 .text          0x0000000008001aa8       0x6c /Applications/eclipse/plugins/fr.ac6.mcu.externaltools.arm-none.macos64_1.11.0.201610101357/tools/gcc-arm-none-eabi-5_4-2016q2/bin/../lib/gcc/arm-none-eabi/5.4.1/armv6-m/libgcc.a(fixdfsi.o)
                0x0000000008001aa8                __aeabi_d2iz
 .text          0x0000000008001b14       0x70 /Applications/eclipse/plugins/fr.ac6.mcu.externaltools.arm-none.macos64_1.11.0.201610101357/tools/gcc-arm-none-eabi-5_4-2016q2/bin/../lib/gcc/arm-none-eabi/5.4.1/armv6-m/libgcc.a(floatunsidf.o)
                0x0000000008001b14                __aeabi_ui2d
 .text          0x0000000008001b84       0x7c /Applications/eclipse/plugins/fr.ac6.mcu.externaltools.arm-none.macos64_1.11.0.201610101357/tools/gcc-arm-none-eabi-5_4-2016q2/bin/../lib/gcc/arm-none-eabi/5.4.1/armv6-m/libgcc.a(_arm_cmpdf2.o)
                0x0000000008001b84                __aeabi_cdrcmple
                0x0000000008001b94                __aeabi_cdcmple
                0x0000000008001b94                __aeabi_cdcmpeq
                0x0000000008001ba4                __aeabi_dcmpeq
                0x0000000008001bb0                __aeabi_dcmplt
                0x0000000008001bc4                __aeabi_dcmple
                0x0000000008001bd8                __aeabi_dcmpgt
                0x0000000008001bec                __aeabi_dcmpge
 .text          0x0000000008001c00       0x3c /Applications/eclipse/plugins/fr.ac6.mcu.externaltools.arm-none.macos64_1.11.0.201610101357/tools/gcc-arm-none-eabi-5_4-2016q2/bin/../lib/gcc/arm-none-eabi/5.4.1/armv6-m/libgcc.a(_clzsi2.o)
                0x0000000008001c00                __clzsi2
 .text          0x0000000008001c3c       0x80 /Applications/eclipse/plugins/fr.ac6.mcu.externaltools.arm-none.macos64_1.11.0.201610101357/tools/gcc-arm-none-eabi-5_4-2016q2/bin/../lib/gcc/arm-none-eabi/5.4.1/armv6-m/libgcc.a(eqdf2.o)
                0x0000000008001c3c                __eqdf2
                0x0000000008001c3c                __nedf2
 .text          0x0000000008001cbc       0xc8 /Applications/eclipse/plugins/fr.ac6.mcu.externaltools.arm-none.macos64_1.11.0.201610101357/tools/gcc-arm-none-eabi-5_4-2016q2/bin/../lib/gcc/arm-none-eabi/5.4.1/armv6-m/libgcc.a(gedf2.o)
                0x0000000008001cbc                __gtdf2
                0x0000000008001cbc                __gedf2
 .text          0x0000000008001d84       0xd4 /Applications/eclipse/plugins/fr.ac6.mcu.externaltools.arm-none.macos64_1.11.0.201610101357/tools/gcc-arm-none-eabi-5_4-2016q2/bin/../lib/gcc/arm-none-eabi/5.4.1/armv6-m/libgcc.a(ledf2.o)
                0x0000000008001d84                __ltdf2
                0x0000000008001d84                __ledf2
 .text          0x0000000008001e58        0xe /Applications/eclipse/plugins/fr.ac6.mcu.externaltools.arm-none.macos64_1.11.0.201610101357/tools/gcc-arm-none-eabi-5_4-2016q2/bin/../lib/gcc/arm-none-eabi/5.4.1/../../../../arm-none-eabi/lib/armv6-m/libc_nano.a(lib_a-strlen.o)
                0x0000000008001e58                strlen
 *(.text*)
 *fill*         0x0000000008001e66        0x2 
 .text.MX_GPIO_Init
                0x0000000008001e68       0x2c Src/gpio.o
                0x0000000008001e68                MX_GPIO_Init
 .text.SystemClock_Config
                0x0000000008001e94       0xa8 Src/main.o
                0x0000000008001e94                SystemClock_Config
 .text.startup.main
                0x0000000008001f3c       0xb0 Src/main.o
                0x0000000008001f3c                main
 .text.Error_Handler
                0x0000000008001fec        0x2 Src/main.o
                0x0000000008001fec                Error_Handler
 *fill*         0x0000000008001fee        0x2 
 .text.MX_RTC_Init
                0x0000000008001ff0       0x34 Src/rtc.o
                0x0000000008001ff0                MX_RTC_Init
 .text.HAL_RTC_MspInit
                0x0000000008002024       0x20 Src/rtc.o
                0x0000000008002024                HAL_RTC_MspInit
 .text.HAL_MspInit
                0x0000000008002044       0x40 Src/stm32l0xx_hal_msp.o
                0x0000000008002044                HAL_MspInit
 .text.NMI_Handler
                0x0000000008002084        0x2 Src/stm32l0xx_it.o
                0x0000000008002084                NMI_Handler
 .text.HardFault_Handler
                0x0000000008002086        0x2 Src/stm32l0xx_it.o
                0x0000000008002086                HardFault_Handler
 .text.SVC_Handler
                0x0000000008002088        0x2 Src/stm32l0xx_it.o
                0x0000000008002088                SVC_Handler
 .text.PendSV_Handler
                0x000000000800208a        0x2 Src/stm32l0xx_it.o
                0x000000000800208a                PendSV_Handler
 .text.SysTick_Handler
                0x000000000800208c        0xc Src/stm32l0xx_it.o
                0x000000000800208c                SysTick_Handler
 .text.MX_USART1_UART_Init
                0x0000000008002098       0x38 Src/usart.o
                0x0000000008002098                MX_USART1_UART_Init
 .text.HAL_UART_MspInit
                0x00000000080020d0       0x44 Src/usart.o
                0x00000000080020d0                HAL_UART_MspInit
 .text.HAL_printf_valist
                0x0000000008002114       0x40 Src/usart.o
                0x0000000008002114                HAL_printf_valist
 .text.HAL_printf
                0x0000000008002154       0x16 Src/usart.o
                0x0000000008002154                HAL_printf
 *fill*         0x000000000800216a        0x2 
 .text.HAL_InitTick
                0x000000000800216c       0x28 Drivers/STM32L0xx_HAL_Driver/Src/stm32l0xx_hal.o
                0x000000000800216c                HAL_InitTick
 .text.HAL_Init
                0x0000000008002194       0x20 Drivers/STM32L0xx_HAL_Driver/Src/stm32l0xx_hal.o
                0x0000000008002194                HAL_Init
 .text.HAL_IncTick
                0x00000000080021b4       0x10 Drivers/STM32L0xx_HAL_Driver/Src/stm32l0xx_hal.o
                0x00000000080021b4                HAL_IncTick
 .text.HAL_GetTick
                0x00000000080021c4        0xc Drivers/STM32L0xx_HAL_Driver/Src/stm32l0xx_hal.o
                0x00000000080021c4                HAL_GetTick
 .text.HAL_Delay
                0x00000000080021d0       0x18 Drivers/STM32L0xx_HAL_Driver/Src/stm32l0xx_hal.o
                0x00000000080021d0                HAL_Delay
 .text.HAL_NVIC_SetPriority
                0x00000000080021e8       0x60 Drivers/STM32L0xx_HAL_Driver/Src/stm32l0xx_hal_cortex.o
                0x00000000080021e8                HAL_NVIC_SetPriority
 .text.HAL_SYSTICK_Config
                0x0000000008002248       0x34 Drivers/STM32L0xx_HAL_Driver/Src/stm32l0xx_hal_cortex.o
                0x0000000008002248                HAL_SYSTICK_Config
 .text.HAL_SYSTICK_CLKSourceConfig
                0x000000000800227c       0x1c Drivers/STM32L0xx_HAL_Driver/Src/stm32l0xx_hal_cortex.o
                0x000000000800227c                HAL_SYSTICK_CLKSourceConfig
 .text.HAL_SYSTICK_Callback
                0x0000000008002298        0x2 Drivers/STM32L0xx_HAL_Driver/Src/stm32l0xx_hal_cortex.o
                0x0000000008002298                HAL_SYSTICK_Callback
 .text.HAL_SYSTICK_IRQHandler
                0x000000000800229a        0x8 Drivers/STM32L0xx_HAL_Driver/Src/stm32l0xx_hal_cortex.o
                0x000000000800229a                HAL_SYSTICK_IRQHandler
 *fill*         0x00000000080022a2        0x2 
 .text.HAL_GPIO_Init
                0x00000000080022a4      0x16c Drivers/STM32L0xx_HAL_Driver/Src/stm32l0xx_hal_gpio.o
                0x00000000080022a4                HAL_GPIO_Init
 .text.HAL_RCC_GetSysClockFreq
                0x0000000008002410       0x84 Drivers/STM32L0xx_HAL_Driver/Src/stm32l0xx_hal_rcc.o
                0x0000000008002410                HAL_RCC_GetSysClockFreq
 .text.HAL_RCC_OscConfig
                0x0000000008002494      0x4cc Drivers/STM32L0xx_HAL_Driver/Src/stm32l0xx_hal_rcc.o
                0x0000000008002494                HAL_RCC_OscConfig
 .text.HAL_RCC_ClockConfig
                0x0000000008002960      0x16c Drivers/STM32L0xx_HAL_Driver/Src/stm32l0xx_hal_rcc.o
                0x0000000008002960                HAL_RCC_ClockConfig
 .text.HAL_RCC_GetHCLKFreq
                0x0000000008002acc        0xc Drivers/STM32L0xx_HAL_Driver/Src/stm32l0xx_hal_rcc.o
                0x0000000008002acc                HAL_RCC_GetHCLKFreq
 .text.HAL_RCC_GetPCLK1Freq
                0x0000000008002ad8       0x20 Drivers/STM32L0xx_HAL_Driver/Src/stm32l0xx_hal_rcc.o
                0x0000000008002ad8                HAL_RCC_GetPCLK1Freq
 .text.HAL_RCC_GetPCLK2Freq
                0x0000000008002af8       0x20 Drivers/STM32L0xx_HAL_Driver/Src/stm32l0xx_hal_rcc.o
                0x0000000008002af8                HAL_RCC_GetPCLK2Freq
 .text.HAL_RCCEx_PeriphCLKConfig
                0x0000000008002b18      0x178 Drivers/STM32L0xx_HAL_Driver/Src/stm32l0xx_hal_rcc_ex.o
                0x0000000008002b18                HAL_RCCEx_PeriphCLKConfig
 .text.HAL_RTC_WaitForSynchro
                0x0000000008002c90       0x34 Drivers/STM32L0xx_HAL_Driver/Src/stm32l0xx_hal_rtc.o
                0x0000000008002c90                HAL_RTC_WaitForSynchro
 .text.RTC_EnterInitMode
                0x0000000008002cc4       0x38 Drivers/STM32L0xx_HAL_Driver/Src/stm32l0xx_hal_rtc.o
                0x0000000008002cc4                RTC_EnterInitMode
 .text.HAL_RTC_Init
                0x0000000008002cfc       0x94 Drivers/STM32L0xx_HAL_Driver/Src/stm32l0xx_hal_rtc.o
                0x0000000008002cfc                HAL_RTC_Init
 .text.RTC_ByteToBcd2
                0x0000000008002d90       0x16 Drivers/STM32L0xx_HAL_Driver/Src/stm32l0xx_hal_rtc.o
                0x0000000008002d90                RTC_ByteToBcd2
 *fill*         0x0000000008002da6        0x2 
 .text.HAL_RTC_SetTime
                0x0000000008002da8       0xfc Drivers/STM32L0xx_HAL_Driver/Src/stm32l0xx_hal_rtc.o
                0x0000000008002da8                HAL_RTC_SetTime
 .text.HAL_RTC_SetDate
                0x0000000008002ea4       0xe0 Drivers/STM32L0xx_HAL_Driver/Src/stm32l0xx_hal_rtc.o
                0x0000000008002ea4                HAL_RTC_SetDate
 .text.RTC_Bcd2ToByte
                0x0000000008002f84       0x10 Drivers/STM32L0xx_HAL_Driver/Src/stm32l0xx_hal_rtc.o
                0x0000000008002f84                RTC_Bcd2ToByte
 .text.HAL_RTC_GetTime
                0x0000000008002f94       0x54 Drivers/STM32L0xx_HAL_Driver/Src/stm32l0xx_hal_rtc.o
                0x0000000008002f94                HAL_RTC_GetTime
 .text.HAL_RTC_GetDate
                0x0000000008002fe8       0x44 Drivers/STM32L0xx_HAL_Driver/Src/stm32l0xx_hal_rtc.o
                0x0000000008002fe8                HAL_RTC_GetDate
 .text.UART_SetConfig
                0x000000000800302c      0x20c Drivers/STM32L0xx_HAL_Driver/Src/stm32l0xx_hal_uart.o
                0x000000000800302c                UART_SetConfig
 .text.UART_AdvFeatureConfig
                0x0000000008003238       0xd0 Drivers/STM32L0xx_HAL_Driver/Src/stm32l0xx_hal_uart.o
                0x0000000008003238                UART_AdvFeatureConfig
 .text.UART_WaitOnFlagUntilTimeout
                0x0000000008003308       0x90 Drivers/STM32L0xx_HAL_Driver/Src/stm32l0xx_hal_uart.o
                0x0000000008003308                UART_WaitOnFlagUntilTimeout
 .text.HAL_UART_Transmit
                0x0000000008003398       0x9e Drivers/STM32L0xx_HAL_Driver/Src/stm32l0xx_hal_uart.o
                0x0000000008003398                HAL_UART_Transmit
 *fill*         0x0000000008003436        0x2 
 .text.UART_CheckIdleState
                0x0000000008003438       0x58 Drivers/STM32L0xx_HAL_Driver/Src/stm32l0xx_hal_uart.o
                0x0000000008003438                UART_CheckIdleState
 .text.HAL_UART_Init
                0x0000000008003490       0x68 Drivers/STM32L0xx_HAL_Driver/Src/stm32l0xx_hal_uart.o
                0x0000000008003490                HAL_UART_Init
 .text.SystemInit
                0x00000000080034f8       0x5c Drivers/CMSIS/Device/ST/STM32L0xx/Source/Templates/system_stm32l0xx.o
                0x00000000080034f8                SystemInit
 .text.Reset_Handler
                0x0000000008003554       0x50 Drivers/CMSIS/Device/ST/STM32L0xx/Source/Templates/gcc/startup_stm32l052xx.o
                0x0000000008003554                Reset_Handler
 .text.Default_Handler
                0x00000000080035a4        0x2 Drivers/CMSIS/Device/ST/STM32L0xx/Source/Templates/gcc/startup_stm32l052xx.o
                0x00000000080035a4                LPTIM1_IRQHandler
                0x00000000080035a4                ADC1_COMP_IRQHandler
                0x00000000080035a4                PVD_IRQHandler
                0x00000000080035a4                I2C1_IRQHandler
                0x00000000080035a4                RCC_CRS_IRQHandler
                0x00000000080035a4                SPI1_IRQHandler
                0x00000000080035a4                TIM6_DAC_IRQHandler
                0x00000000080035a4                EXTI2_3_IRQHandler
                0x00000000080035a4                I2C2_IRQHandler
                0x00000000080035a4                RTC_IRQHandler
                0x00000000080035a4                DMA1_Channel4_5_6_7_IRQHandler
                0x00000000080035a4                EXTI4_15_IRQHandler
                0x00000000080035a4                DMA1_Channel1_IRQHandler
                0x00000000080035a4                Default_Handler
                0x00000000080035a4                TIM22_IRQHandler
                0x00000000080035a4                EXTI0_1_IRQHandler
                0x00000000080035a4                USB_IRQHandler
                0x00000000080035a4                SPI2_IRQHandler
                0x00000000080035a4                TIM21_IRQHandler
                0x00000000080035a4                WWDG_IRQHandler
                0x00000000080035a4                TIM2_IRQHandler
                0x00000000080035a4                DMA1_Channel2_3_IRQHandler
                0x00000000080035a4                USART2_IRQHandler
                0x00000000080035a4                FLASH_IRQHandler
                0x00000000080035a4                USART1_IRQHandler
                0x00000000080035a4                RNG_LPUART1_IRQHandler
                0x00000000080035a4                TSC_IRQHandler
 *fill*         0x00000000080035a6        0x2 
 .text.__libc_init_array
                0x00000000080035a8       0x4c /Applications/eclipse/plugins/fr.ac6.mcu.externaltools.arm-none.macos64_1.11.0.201610101357/tools/gcc-arm-none-eabi-5_4-2016q2/bin/../lib/gcc/arm-none-eabi/5.4.1/../../../../arm-none-eabi/lib/armv6-m/libc_nano.a(lib_a-init.o)
                0x00000000080035a8                __libc_init_array
 .text._vsprintf_r
                0x00000000080035f4       0x30 /Applications/eclipse/plugins/fr.ac6.mcu.externaltools.arm-none.macos64_1.11.0.201610101357/tools/gcc-arm-none-eabi-5_4-2016q2/bin/../lib/gcc/arm-none-eabi/5.4.1/../../../../arm-none-eabi/lib/armv6-m/libc_nano.a(lib_a-vsprintf.o)
                0x00000000080035f4                _vsiprintf_r
                0x00000000080035f4                _vsprintf_r
 .text.vsprintf
                0x0000000008003624       0x18 /Applications/eclipse/plugins/fr.ac6.mcu.externaltools.arm-none.macos64_1.11.0.201610101357/tools/gcc-arm-none-eabi-5_4-2016q2/bin/../lib/gcc/arm-none-eabi/5.4.1/../../../../arm-none-eabi/lib/armv6-m/libc_nano.a(lib_a-vsprintf.o)
                0x0000000008003624                vsprintf
                0x0000000008003624                vsiprintf
 .text.__ssputs_r
                0x000000000800363c       0xc4 /Applications/eclipse/plugins/fr.ac6.mcu.externaltools.arm-none.macos64_1.11.0.201610101357/tools/gcc-arm-none-eabi-5_4-2016q2/bin/../lib/gcc/arm-none-eabi/5.4.1/../../../../arm-none-eabi/lib/armv6-m/libc_nano.a(lib_a-nano-svfprintf.o)
                0x000000000800363c                __ssputs_r
 .text._svfprintf_r
                0x0000000008003700      0x1fc /Applications/eclipse/plugins/fr.ac6.mcu.externaltools.arm-none.macos64_1.11.0.201610101357/tools/gcc-arm-none-eabi-5_4-2016q2/bin/../lib/gcc/arm-none-eabi/5.4.1/../../../../arm-none-eabi/lib/armv6-m/libc_nano.a(lib_a-nano-svfprintf.o)
                0x0000000008003700                _svfprintf_r
                0x0000000008003700                _svfiprintf_r
 .text._printf_common
                0x00000000080038fc       0xdc /Applications/eclipse/plugins/fr.ac6.mcu.externaltools.arm-none.macos64_1.11.0.201610101357/tools/gcc-arm-none-eabi-5_4-2016q2/bin/../lib/gcc/arm-none-eabi/5.4.1/../../../../arm-none-eabi/lib/armv6-m/libc_nano.a(lib_a-nano-vfprintf_i.o)
                0x00000000080038fc                _printf_common
 .text._printf_i
                0x00000000080039d8      0x244 /Applications/eclipse/plugins/fr.ac6.mcu.externaltools.arm-none.macos64_1.11.0.201610101357/tools/gcc-arm-none-eabi-5_4-2016q2/bin/../lib/gcc/arm-none-eabi/5.4.1/../../../../arm-none-eabi/lib/armv6-m/libc_nano.a(lib_a-nano-vfprintf_i.o)
                0x00000000080039d8                _printf_i
 .text.memchr   0x0000000008003c1c       0x16 /Applications/eclipse/plugins/fr.ac6.mcu.externaltools.arm-none.macos64_1.11.0.201610101357/tools/gcc-arm-none-eabi-5_4-2016q2/bin/../lib/gcc/arm-none-eabi/5.4.1/../../../../arm-none-eabi/lib/armv6-m/libc_nano.a(lib_a-memchr-stub.o)
                0x0000000008003c1c                memchr
 .text.memcpy   0x0000000008003c32       0x12 /Applications/eclipse/plugins/fr.ac6.mcu.externaltools.arm-none.macos64_1.11.0.201610101357/tools/gcc-arm-none-eabi-5_4-2016q2/bin/../lib/gcc/arm-none-eabi/5.4.1/../../../../arm-none-eabi/lib/armv6-m/libc_nano.a(lib_a-memcpy-stub.o)
                0x0000000008003c32                memcpy
 .text.memmove  0x0000000008003c44       0x2a /Applications/eclipse/plugins/fr.ac6.mcu.externaltools.arm-none.macos64_1.11.0.201610101357/tools/gcc-arm-none-eabi-5_4-2016q2/bin/../lib/gcc/arm-none-eabi/5.4.1/../../../../arm-none-eabi/lib/armv6-m/libc_nano.a(lib_a-memmove.o)
                0x0000000008003c44                memmove
 *fill*         0x0000000008003c6e        0x2 
 .text._free_r  0x0000000008003c70       0x98 /Applications/eclipse/plugins/fr.ac6.mcu.externaltools.arm-none.macos64_1.11.0.201610101357/tools/gcc-arm-none-eabi-5_4-2016q2/bin/../lib/gcc/arm-none-eabi/5.4.1/../../../../arm-none-eabi/lib/armv6-m/libc_nano.a(lib_a-nano-freer.o)
                0x0000000008003c70                _free_r
 .text._malloc_r
                0x0000000008003d08       0xc0 /Applications/eclipse/plugins/fr.ac6.mcu.externaltools.arm-none.macos64_1.11.0.201610101357/tools/gcc-arm-none-eabi-5_4-2016q2/bin/../lib/gcc/arm-none-eabi/5.4.1/../../../../arm-none-eabi/lib/armv6-m/libc_nano.a(lib_a-nano-mallocr.o)
                0x0000000008003d08                _malloc_r
 .text._realloc_r
                0x0000000008003dc8       0x4c /Applications/eclipse/plugins/fr.ac6.mcu.externaltools.arm-none.macos64_1.11.0.201610101357/tools/gcc-arm-none-eabi-5_4-2016q2/bin/../lib/gcc/arm-none-eabi/5.4.1/../../../../arm-none-eabi/lib/armv6-m/libc_nano.a(lib_a-nano-reallocr.o)
                0x0000000008003dc8                _realloc_r
 .text._sbrk_r  0x0000000008003e14       0x24 /Applications/eclipse/plugins/fr.ac6.mcu.externaltools.arm-none.macos64_1.11.0.201610101357/tools/gcc-arm-none-eabi-5_4-2016q2/bin/../lib/gcc/arm-none-eabi/5.4.1/../../../../arm-none-eabi/lib/armv6-m/libc_nano.a(lib_a-sbrkr.o)
                0x0000000008003e14                _sbrk_r
 .text.__malloc_lock
                0x0000000008003e38        0x2 /Applications/eclipse/plugins/fr.ac6.mcu.externaltools.arm-none.macos64_1.11.0.201610101357/tools/gcc-arm-none-eabi-5_4-2016q2/bin/../lib/gcc/arm-none-eabi/5.4.1/../../../../arm-none-eabi/lib/armv6-m/libc_nano.a(lib_a-mlock.o)
                0x0000000008003e38                __malloc_lock
 .text.__malloc_unlock
                0x0000000008003e3a        0x2 /Applications/eclipse/plugins/fr.ac6.mcu.externaltools.arm-none.macos64_1.11.0.201610101357/tools/gcc-arm-none-eabi-5_4-2016q2/bin/../lib/gcc/arm-none-eabi/5.4.1/../../../../arm-none-eabi/lib/armv6-m/libc_nano.a(lib_a-mlock.o)
                0x0000000008003e3a                __malloc_unlock
 .text._malloc_usable_size_r
                0x0000000008003e3c       0x16 /Applications/eclipse/plugins/fr.ac6.mcu.externaltools.arm-none.macos64_1.11.0.201610101357/tools/gcc-arm-none-eabi-5_4-2016q2/bin/../lib/gcc/arm-none-eabi/5.4.1/../../../../arm-none-eabi/lib/armv6-m/libc_nano.a(lib_a-nano-msizer.o)
                0x0000000008003e3c                _malloc_usable_size_r
 *fill*         0x0000000008003e52        0x2 
 .text._sbrk    0x0000000008003e54       0x1c /Applications/eclipse/plugins/fr.ac6.mcu.externaltools.arm-none.macos64_1.11.0.201610101357/tools/gcc-arm-none-eabi-5_4-2016q2/bin/../lib/gcc/arm-none-eabi/5.4.1/../../../../arm-none-eabi/lib/armv6-m/libnosys.a(sbrk.o)
                0x0000000008003e54                _sbrk
 *(.glue_7)
 .glue_7        0x0000000008003e70        0x0 linker stubs
 *(.glue_7t)
 .glue_7t       0x0000000008003e70        0x0 linker stubs
 *(.eh_frame)
 .eh_frame      0x0000000008003e70        0x0 /Applications/eclipse/plugins/fr.ac6.mcu.externaltools.arm-none.macos64_1.11.0.201610101357/tools/gcc-arm-none-eabi-5_4-2016q2/bin/../lib/gcc/arm-none-eabi/5.4.1/armv6-m/crtbegin.o
 *(.init)
 .init          0x0000000008003e70        0x4 /Applications/eclipse/plugins/fr.ac6.mcu.externaltools.arm-none.macos64_1.11.0.201610101357/tools/gcc-arm-none-eabi-5_4-2016q2/bin/../lib/gcc/arm-none-eabi/5.4.1/armv6-m/crti.o
                0x0000000008003e70                _init
 .init          0x0000000008003e74        0x8 /Applications/eclipse/plugins/fr.ac6.mcu.externaltools.arm-none.macos64_1.11.0.201610101357/tools/gcc-arm-none-eabi-5_4-2016q2/bin/../lib/gcc/arm-none-eabi/5.4.1/armv6-m/crtn.o
 *(.fini)
 .fini          0x0000000008003e7c        0x4 /Applications/eclipse/plugins/fr.ac6.mcu.externaltools.arm-none.macos64_1.11.0.201610101357/tools/gcc-arm-none-eabi-5_4-2016q2/bin/../lib/gcc/arm-none-eabi/5.4.1/armv6-m/crti.o
                0x0000000008003e7c                _fini
 .fini          0x0000000008003e80        0x8 /Applications/eclipse/plugins/fr.ac6.mcu.externaltools.arm-none.macos64_1.11.0.201610101357/tools/gcc-arm-none-eabi-5_4-2016q2/bin/../lib/gcc/arm-none-eabi/5.4.1/armv6-m/crtn.o
                0x0000000008003e88                . = ALIGN (0x4)
                0x0000000008003e88                _etext = .

.vfp11_veneer   0x0000000008003e88        0x0
 .vfp11_veneer  0x0000000008003e88        0x0 linker stubs

.v4_bx          0x0000000008003e88        0x0
 .v4_bx         0x0000000008003e88        0x0 linker stubs

.iplt           0x0000000008003e88        0x0
 .iplt          0x0000000008003e88        0x0 /Applications/eclipse/plugins/fr.ac6.mcu.externaltools.arm-none.macos64_1.11.0.201610101357/tools/gcc-arm-none-eabi-5_4-2016q2/bin/../lib/gcc/arm-none-eabi/5.4.1/armv6-m/crtbegin.o

.rodata         0x0000000008003e88      0x13c
                0x0000000008003e88                . = ALIGN (0x4)
 *(.rodata)
 .rodata        0x0000000008003e88        0xd Drivers/STM32L0xx_HAL_Driver/Src/stm32l0xx_hal_uart.o
 .rodata        0x0000000008003e95       0x21 Drivers/CMSIS/Device/ST/STM32L0xx/Source/Templates/system_stm32l0xx.o
                0x0000000008003e95                PLLMulTable
                0x0000000008003e9e                AHBPrescTable
                0x0000000008003eae                APBPrescTable
 *fill*         0x0000000008003eb6        0x2 
 .rodata        0x0000000008003eb8       0x40 /Applications/eclipse/plugins/fr.ac6.mcu.externaltools.arm-none.macos64_1.11.0.201610101357/tools/gcc-arm-none-eabi-5_4-2016q2/bin/../lib/gcc/arm-none-eabi/5.4.1/armv6-m/libgcc.a(divdf3.o)
 .rodata        0x0000000008003ef8       0x40 /Applications/eclipse/plugins/fr.ac6.mcu.externaltools.arm-none.macos64_1.11.0.201610101357/tools/gcc-arm-none-eabi-5_4-2016q2/bin/../lib/gcc/arm-none-eabi/5.4.1/armv6-m/libgcc.a(muldf3.o)
 *(.rodata*)
 .rodata.str1.1
                0x0000000008003f38       0x45 Src/main.o
                                         0x47 (size before relaxing)
 .rodata.str1.1
                0x0000000008003f7d       0x11 Src/usart.o
 .rodata.str1.1
                0x0000000008003f8e        0x2 /Applications/eclipse/plugins/fr.ac6.mcu.externaltools.arm-none.macos64_1.11.0.201610101357/tools/gcc-arm-none-eabi-5_4-2016q2/bin/../lib/gcc/arm-none-eabi/5.4.1/../../../../arm-none-eabi/lib/armv6-m/libc_nano.a(lib_a-impure.o)
 .rodata.str1.1
                0x0000000008003f90       0x11 /Applications/eclipse/plugins/fr.ac6.mcu.externaltools.arm-none.macos64_1.11.0.201610101357/tools/gcc-arm-none-eabi-5_4-2016q2/bin/../lib/gcc/arm-none-eabi/5.4.1/../../../../arm-none-eabi/lib/armv6-m/libc_nano.a(lib_a-nano-svfprintf.o)
 .rodata.str1.1
                0x0000000008003fa1       0x22 /Applications/eclipse/plugins/fr.ac6.mcu.externaltools.arm-none.macos64_1.11.0.201610101357/tools/gcc-arm-none-eabi-5_4-2016q2/bin/../lib/gcc/arm-none-eabi/5.4.1/../../../../arm-none-eabi/lib/armv6-m/libc_nano.a(lib_a-nano-vfprintf_i.o)
                0x0000000008003fc4                . = ALIGN (0x4)
 *fill*         0x0000000008003fc3        0x1 

.rel.dyn        0x0000000008003fc4        0x0
 .rel.iplt      0x0000000008003fc4        0x0 /Applications/eclipse/plugins/fr.ac6.mcu.externaltools.arm-none.macos64_1.11.0.201610101357/tools/gcc-arm-none-eabi-5_4-2016q2/bin/../lib/gcc/arm-none-eabi/5.4.1/armv6-m/crtbegin.o

.ARM.extab
 *(.ARM.extab* .gnu.linkonce.armextab.*)

.ARM            0x0000000008003fc4        0x0
                0x0000000008003fc4                __exidx_start = .
 *(.ARM.exidx*)
                0x0000000008003fc4                __exidx_end = .

.preinit_array  0x0000000008003fc4        0x0
                0x0000000008003fc4                PROVIDE (__preinit_array_start, .)
 *(.preinit_array*)
                0x0000000008003fc4                PROVIDE (__preinit_array_end, .)

.init_array     0x0000000008003fc4        0x4
                0x0000000008003fc4                PROVIDE (__init_array_start, .)
 *(SORT(.init_array.*))
 *(.init_array*)
 .init_array    0x0000000008003fc4        0x4 /Applications/eclipse/plugins/fr.ac6.mcu.externaltools.arm-none.macos64_1.11.0.201610101357/tools/gcc-arm-none-eabi-5_4-2016q2/bin/../lib/gcc/arm-none-eabi/5.4.1/armv6-m/crtbegin.o
                0x0000000008003fc8                PROVIDE (__init_array_end, .)

.fini_array     0x0000000008003fc8        0x4
                [!provide]                        PROVIDE (__fini_array_start, .)
 *(SORT(.fini_array.*))
 *(.fini_array*)
 .fini_array    0x0000000008003fc8        0x4 /Applications/eclipse/plugins/fr.ac6.mcu.externaltools.arm-none.macos64_1.11.0.201610101357/tools/gcc-arm-none-eabi-5_4-2016q2/bin/../lib/gcc/arm-none-eabi/5.4.1/armv6-m/crtbegin.o
                [!provide]                        PROVIDE (__fini_array_end, .)
                0x0000000008003fcc                _sidata = LOADADDR (.data)

.data           0x0000000020000000       0x68 load address 0x0000000008003fcc
                0x0000000020000000                . = ALIGN (0x4)
                0x0000000020000000                _sdata = .
 *(.data)
 .data          0x0000000020000000        0x4 Drivers/CMSIS/Device/ST/STM32L0xx/Source/Templates/system_stm32l0xx.o
                0x0000000020000000                SystemCoreClock
 *(.data*)
 .data.impure_data
                0x0000000020000004       0x60 /Applications/eclipse/plugins/fr.ac6.mcu.externaltools.arm-none.macos64_1.11.0.201610101357/tools/gcc-arm-none-eabi-5_4-2016q2/bin/../lib/gcc/arm-none-eabi/5.4.1/../../../../arm-none-eabi/lib/armv6-m/libc_nano.a(lib_a-impure.o)
 .data._impure_ptr
                0x0000000020000064        0x4 /Applications/eclipse/plugins/fr.ac6.mcu.externaltools.arm-none.macos64_1.11.0.201610101357/tools/gcc-arm-none-eabi-5_4-2016q2/bin/../lib/gcc/arm-none-eabi/5.4.1/../../../../arm-none-eabi/lib/armv6-m/libc_nano.a(lib_a-impure.o)
                0x0000000020000064                _impure_ptr
                0x0000000020000068                . = ALIGN (0x4)
                0x0000000020000068                _edata = .

.jcr            0x0000000020000068        0x0 load address 0x0000000008004034
 .jcr           0x0000000020000068        0x0 /Applications/eclipse/plugins/fr.ac6.mcu.externaltools.arm-none.macos64_1.11.0.201610101357/tools/gcc-arm-none-eabi-5_4-2016q2/bin/../lib/gcc/arm-none-eabi/5.4.1/armv6-m/crtbegin.o

.igot.plt       0x0000000020000068        0x0 load address 0x0000000008004034
 .igot.plt      0x0000000020000068        0x0 /Applications/eclipse/plugins/fr.ac6.mcu.externaltools.arm-none.macos64_1.11.0.201610101357/tools/gcc-arm-none-eabi-5_4-2016q2/bin/../lib/gcc/arm-none-eabi/5.4.1/armv6-m/crtbegin.o
                0x0000000020000068                . = ALIGN (0x4)

.bss            0x0000000020000068       0xc4 load address 0x0000000008004034
                0x0000000020000068                _sbss = .
                0x0000000020000068                __bss_start__ = _sbss
 *(.bss)
 .bss           0x0000000020000068       0x1c /Applications/eclipse/plugins/fr.ac6.mcu.externaltools.arm-none.macos64_1.11.0.201610101357/tools/gcc-arm-none-eabi-5_4-2016q2/bin/../lib/gcc/arm-none-eabi/5.4.1/armv6-m/crtbegin.o
 *(.bss*)
 .bss.__malloc_sbrk_start
                0x0000000020000084        0x4 /Applications/eclipse/plugins/fr.ac6.mcu.externaltools.arm-none.macos64_1.11.0.201610101357/tools/gcc-arm-none-eabi-5_4-2016q2/bin/../lib/gcc/arm-none-eabi/5.4.1/../../../../arm-none-eabi/lib/armv6-m/libc_nano.a(lib_a-nano-mallocr.o)
                0x0000000020000084                __malloc_sbrk_start
 .bss.__malloc_free_list
                0x0000000020000088        0x4 /Applications/eclipse/plugins/fr.ac6.mcu.externaltools.arm-none.macos64_1.11.0.201610101357/tools/gcc-arm-none-eabi-5_4-2016q2/bin/../lib/gcc/arm-none-eabi/5.4.1/../../../../arm-none-eabi/lib/armv6-m/libc_nano.a(lib_a-nano-mallocr.o)
                0x0000000020000088                __malloc_free_list
 .bss.heap_end.4167
                0x000000002000008c        0x4 /Applications/eclipse/plugins/fr.ac6.mcu.externaltools.arm-none.macos64_1.11.0.201610101357/tools/gcc-arm-none-eabi-5_4-2016q2/bin/../lib/gcc/arm-none-eabi/5.4.1/../../../../arm-none-eabi/lib/armv6-m/libnosys.a(sbrk.o)
 *(COMMON)
 COMMON         0x0000000020000090       0x24 Src/rtc.o
                0x0000000020000090                hrtc
 COMMON         0x00000000200000b4       0x70 Src/usart.o
                0x00000000200000b4                huart1
 COMMON         0x0000000020000124        0x4 Drivers/STM32L0xx_HAL_Driver/Src/stm32l0xx_hal.o
                0x0000000020000124                uwTick
 COMMON         0x0000000020000128        0x4 /Applications/eclipse/plugins/fr.ac6.mcu.externaltools.arm-none.macos64_1.11.0.201610101357/tools/gcc-arm-none-eabi-5_4-2016q2/bin/../lib/gcc/arm-none-eabi/5.4.1/../../../../arm-none-eabi/lib/armv6-m/libc_nano.a(lib_a-reent.o)
                0x0000000020000128                errno
                0x000000002000012c                . = ALIGN (0x4)
                0x000000002000012c                _ebss = .
                0x000000002000012c                __bss_end__ = _ebss

._user_heap_stack
                0x000000002000012c      0x604 load address 0x0000000008004034
                0x0000000020000130                . = ALIGN (0x8)
 *fill*         0x000000002000012c        0x4 
                0x0000000020000130                PROVIDE (end, .)
                [!provide]                        PROVIDE (_end, .)
                0x0000000020000330                . = (. + _Min_Heap_Size)
 *fill*         0x0000000020000130      0x200 
                0x0000000020000730                . = (. + _Min_Stack_Size)
 *fill*         0x0000000020000330      0x400 
                0x0000000020000730                . = ALIGN (0x8)

/DISCARD/
 libc.a(*)
 libm.a(*)
 libgcc.a(*)

.ARM.attributes
                0x0000000000000000       0x28
 *(.ARM.attributes)
 .ARM.attributes
                0x0000000000000000       0x1e /Applications/eclipse/plugins/fr.ac6.mcu.externaltools.arm-none.macos64_1.11.0.201610101357/tools/gcc-arm-none-eabi-5_4-2016q2/bin/../lib/gcc/arm-none-eabi/5.4.1/armv6-m/crti.o
 .ARM.attributes
                0x000000000000001e       0x2c /Applications/eclipse/plugins/fr.ac6.mcu.externaltools.arm-none.macos64_1.11.0.201610101357/tools/gcc-arm-none-eabi-5_4-2016q2/bin/../lib/gcc/arm-none-eabi/5.4.1/armv6-m/crtbegin.o
 .ARM.attributes
                0x000000000000004a       0x32 Src/gpio.o
 .ARM.attributes
                0x000000000000007c       0x32 Src/main.o
 .ARM.attributes
                0x00000000000000ae       0x32 Src/rtc.o
 .ARM.attributes
                0x00000000000000e0       0x32 Src/stm32l0xx_hal_msp.o
 .ARM.attributes
                0x0000000000000112       0x32 Src/stm32l0xx_it.o
 .ARM.attributes
                0x0000000000000144       0x32 Src/usart.o
 .ARM.attributes
                0x0000000000000176       0x32 Drivers/STM32L0xx_HAL_Driver/Src/stm32l0xx_hal.o
 .ARM.attributes
                0x00000000000001a8       0x32 Drivers/STM32L0xx_HAL_Driver/Src/stm32l0xx_hal_cortex.o
 .ARM.attributes
                0x00000000000001da       0x32 Drivers/STM32L0xx_HAL_Driver/Src/stm32l0xx_hal_gpio.o
 .ARM.attributes
                0x000000000000020c       0x32 Drivers/STM32L0xx_HAL_Driver/Src/stm32l0xx_hal_rcc.o
 .ARM.attributes
                0x000000000000023e       0x32 Drivers/STM32L0xx_HAL_Driver/Src/stm32l0xx_hal_rcc_ex.o
 .ARM.attributes
                0x0000000000000270       0x32 Drivers/STM32L0xx_HAL_Driver/Src/stm32l0xx_hal_rtc.o
 .ARM.attributes
                0x00000000000002a2       0x32 Drivers/STM32L0xx_HAL_Driver/Src/stm32l0xx_hal_uart.o
 .ARM.attributes
                0x00000000000002d4       0x32 Drivers/CMSIS/Device/ST/STM32L0xx/Source/Templates/system_stm32l0xx.o
 .ARM.attributes
                0x0000000000000306       0x22 Drivers/CMSIS/Device/ST/STM32L0xx/Source/Templates/gcc/startup_stm32l052xx.o
 .ARM.attributes
                0x0000000000000328       0x1e /Applications/eclipse/plugins/fr.ac6.mcu.externaltools.arm-none.macos64_1.11.0.201610101357/tools/gcc-arm-none-eabi-5_4-2016q2/bin/../lib/gcc/arm-none-eabi/5.4.1/armv6-m/libgcc.a(_thumb1_case_uqi.o)
 .ARM.attributes
                0x0000000000000346       0x1e /Applications/eclipse/plugins/fr.ac6.mcu.externaltools.arm-none.macos64_1.11.0.201610101357/tools/gcc-arm-none-eabi-5_4-2016q2/bin/../lib/gcc/arm-none-eabi/5.4.1/armv6-m/libgcc.a(_udivsi3.o)
 .ARM.attributes
                0x0000000000000364       0x1e /Applications/eclipse/plugins/fr.ac6.mcu.externaltools.arm-none.macos64_1.11.0.201610101357/tools/gcc-arm-none-eabi-5_4-2016q2/bin/../lib/gcc/arm-none-eabi/5.4.1/armv6-m/libgcc.a(_dvmd_tls.o)
 .ARM.attributes
                0x0000000000000382       0x2c /Applications/eclipse/plugins/fr.ac6.mcu.externaltools.arm-none.macos64_1.11.0.201610101357/tools/gcc-arm-none-eabi-5_4-2016q2/bin/../lib/gcc/arm-none-eabi/5.4.1/armv6-m/libgcc.a(_fixunsdfsi.o)
 .ARM.attributes
                0x00000000000003ae       0x2c /Applications/eclipse/plugins/fr.ac6.mcu.externaltools.arm-none.macos64_1.11.0.201610101357/tools/gcc-arm-none-eabi-5_4-2016q2/bin/../lib/gcc/arm-none-eabi/5.4.1/armv6-m/libgcc.a(adddf3.o)
 .ARM.attributes
                0x00000000000003da       0x2c /Applications/eclipse/plugins/fr.ac6.mcu.externaltools.arm-none.macos64_1.11.0.201610101357/tools/gcc-arm-none-eabi-5_4-2016q2/bin/../lib/gcc/arm-none-eabi/5.4.1/armv6-m/libgcc.a(divdf3.o)
 .ARM.attributes
                0x0000000000000406       0x2c /Applications/eclipse/plugins/fr.ac6.mcu.externaltools.arm-none.macos64_1.11.0.201610101357/tools/gcc-arm-none-eabi-5_4-2016q2/bin/../lib/gcc/arm-none-eabi/5.4.1/armv6-m/libgcc.a(muldf3.o)
 .ARM.attributes
                0x0000000000000432       0x2c /Applications/eclipse/plugins/fr.ac6.mcu.externaltools.arm-none.macos64_1.11.0.201610101357/tools/gcc-arm-none-eabi-5_4-2016q2/bin/../lib/gcc/arm-none-eabi/5.4.1/armv6-m/libgcc.a(subdf3.o)
 .ARM.attributes
                0x000000000000045e       0x2c /Applications/eclipse/plugins/fr.ac6.mcu.externaltools.arm-none.macos64_1.11.0.201610101357/tools/gcc-arm-none-eabi-5_4-2016q2/bin/../lib/gcc/arm-none-eabi/5.4.1/armv6-m/libgcc.a(fixdfsi.o)
 .ARM.attributes
                0x000000000000048a       0x2c /Applications/eclipse/plugins/fr.ac6.mcu.externaltools.arm-none.macos64_1.11.0.201610101357/tools/gcc-arm-none-eabi-5_4-2016q2/bin/../lib/gcc/arm-none-eabi/5.4.1/armv6-m/libgcc.a(floatunsidf.o)
 .ARM.attributes
                0x00000000000004b6       0x1e /Applications/eclipse/plugins/fr.ac6.mcu.externaltools.arm-none.macos64_1.11.0.201610101357/tools/gcc-arm-none-eabi-5_4-2016q2/bin/../lib/gcc/arm-none-eabi/5.4.1/armv6-m/libgcc.a(_arm_cmpdf2.o)
 .ARM.attributes
                0x00000000000004d4       0x1e /Applications/eclipse/plugins/fr.ac6.mcu.externaltools.arm-none.macos64_1.11.0.201610101357/tools/gcc-arm-none-eabi-5_4-2016q2/bin/../lib/gcc/arm-none-eabi/5.4.1/armv6-m/libgcc.a(_clzsi2.o)
 .ARM.attributes
                0x00000000000004f2       0x2c /Applications/eclipse/plugins/fr.ac6.mcu.externaltools.arm-none.macos64_1.11.0.201610101357/tools/gcc-arm-none-eabi-5_4-2016q2/bin/../lib/gcc/arm-none-eabi/5.4.1/armv6-m/libgcc.a(eqdf2.o)
 .ARM.attributes
                0x000000000000051e       0x2c /Applications/eclipse/plugins/fr.ac6.mcu.externaltools.arm-none.macos64_1.11.0.201610101357/tools/gcc-arm-none-eabi-5_4-2016q2/bin/../lib/gcc/arm-none-eabi/5.4.1/armv6-m/libgcc.a(gedf2.o)
 .ARM.attributes
                0x000000000000054a       0x2c /Applications/eclipse/plugins/fr.ac6.mcu.externaltools.arm-none.macos64_1.11.0.201610101357/tools/gcc-arm-none-eabi-5_4-2016q2/bin/../lib/gcc/arm-none-eabi/5.4.1/armv6-m/libgcc.a(ledf2.o)
 .ARM.attributes
                0x0000000000000576       0x2c /Applications/eclipse/plugins/fr.ac6.mcu.externaltools.arm-none.macos64_1.11.0.201610101357/tools/gcc-arm-none-eabi-5_4-2016q2/bin/../lib/gcc/arm-none-eabi/5.4.1/../../../../arm-none-eabi/lib/armv6-m/libc_nano.a(lib_a-impure.o)
 .ARM.attributes
                0x00000000000005a2       0x2c /Applications/eclipse/plugins/fr.ac6.mcu.externaltools.arm-none.macos64_1.11.0.201610101357/tools/gcc-arm-none-eabi-5_4-2016q2/bin/../lib/gcc/arm-none-eabi/5.4.1/../../../../arm-none-eabi/lib/armv6-m/libc_nano.a(lib_a-init.o)
 .ARM.attributes
                0x00000000000005ce       0x1c /Applications/eclipse/plugins/fr.ac6.mcu.externaltools.arm-none.macos64_1.11.0.201610101357/tools/gcc-arm-none-eabi-5_4-2016q2/bin/../lib/gcc/arm-none-eabi/5.4.1/../../../../arm-none-eabi/lib/armv6-m/libc_nano.a(lib_a-strlen.o)
 .ARM.attributes
                0x00000000000005ea       0x2c /Applications/eclipse/plugins/fr.ac6.mcu.externaltools.arm-none.macos64_1.11.0.201610101357/tools/gcc-arm-none-eabi-5_4-2016q2/bin/../lib/gcc/arm-none-eabi/5.4.1/../../../../arm-none-eabi/lib/armv6-m/libc_nano.a(lib_a-vsprintf.o)
 .ARM.attributes
                0x0000000000000616       0x2c /Applications/eclipse/plugins/fr.ac6.mcu.externaltools.arm-none.macos64_1.11.0.201610101357/tools/gcc-arm-none-eabi-5_4-2016q2/bin/../lib/gcc/arm-none-eabi/5.4.1/../../../../arm-none-eabi/lib/armv6-m/libc_nano.a(lib_a-nano-svfprintf.o)
 .ARM.attributes
                0x0000000000000642       0x2c /Applications/eclipse/plugins/fr.ac6.mcu.externaltools.arm-none.macos64_1.11.0.201610101357/tools/gcc-arm-none-eabi-5_4-2016q2/bin/../lib/gcc/arm-none-eabi/5.4.1/../../../../arm-none-eabi/lib/armv6-m/libc_nano.a(lib_a-nano-vfprintf_i.o)
 .ARM.attributes
                0x000000000000066e       0x2c /Applications/eclipse/plugins/fr.ac6.mcu.externaltools.arm-none.macos64_1.11.0.201610101357/tools/gcc-arm-none-eabi-5_4-2016q2/bin/../lib/gcc/arm-none-eabi/5.4.1/../../../../arm-none-eabi/lib/armv6-m/libc_nano.a(lib_a-memchr-stub.o)
 .ARM.attributes
                0x000000000000069a       0x2c /Applications/eclipse/plugins/fr.ac6.mcu.externaltools.arm-none.macos64_1.11.0.201610101357/tools/gcc-arm-none-eabi-5_4-2016q2/bin/../lib/gcc/arm-none-eabi/5.4.1/../../../../arm-none-eabi/lib/armv6-m/libc_nano.a(lib_a-memcpy-stub.o)
 .ARM.attributes
                0x00000000000006c6       0x2c /Applications/eclipse/plugins/fr.ac6.mcu.externaltools.arm-none.macos64_1.11.0.201610101357/tools/gcc-arm-none-eabi-5_4-2016q2/bin/../lib/gcc/arm-none-eabi/5.4.1/../../../../arm-none-eabi/lib/armv6-m/libc_nano.a(lib_a-memmove.o)
 .ARM.attributes
                0x00000000000006f2       0x2c /Applications/eclipse/plugins/fr.ac6.mcu.externaltools.arm-none.macos64_1.11.0.201610101357/tools/gcc-arm-none-eabi-5_4-2016q2/bin/../lib/gcc/arm-none-eabi/5.4.1/../../../../arm-none-eabi/lib/armv6-m/libc_nano.a(lib_a-nano-freer.o)
 .ARM.attributes
                0x000000000000071e       0x2c /Applications/eclipse/plugins/fr.ac6.mcu.externaltools.arm-none.macos64_1.11.0.201610101357/tools/gcc-arm-none-eabi-5_4-2016q2/bin/../lib/gcc/arm-none-eabi/5.4.1/../../../../arm-none-eabi/lib/armv6-m/libc_nano.a(lib_a-nano-mallocr.o)
 .ARM.attributes
                0x000000000000074a       0x2c /Applications/eclipse/plugins/fr.ac6.mcu.externaltools.arm-none.macos64_1.11.0.201610101357/tools/gcc-arm-none-eabi-5_4-2016q2/bin/../lib/gcc/arm-none-eabi/5.4.1/../../../../arm-none-eabi/lib/armv6-m/libc_nano.a(lib_a-nano-reallocr.o)
 .ARM.attributes
                0x0000000000000776       0x2c /Applications/eclipse/plugins/fr.ac6.mcu.externaltools.arm-none.macos64_1.11.0.201610101357/tools/gcc-arm-none-eabi-5_4-2016q2/bin/../lib/gcc/arm-none-eabi/5.4.1/../../../../arm-none-eabi/lib/armv6-m/libc_nano.a(lib_a-sbrkr.o)
 .ARM.attributes
                0x00000000000007a2       0x2c /Applications/eclipse/plugins/fr.ac6.mcu.externaltools.arm-none.macos64_1.11.0.201610101357/tools/gcc-arm-none-eabi-5_4-2016q2/bin/../lib/gcc/arm-none-eabi/5.4.1/../../../../arm-none-eabi/lib/armv6-m/libc_nano.a(lib_a-mlock.o)
 .ARM.attributes
                0x00000000000007ce       0x2c /Applications/eclipse/plugins/fr.ac6.mcu.externaltools.arm-none.macos64_1.11.0.201610101357/tools/gcc-arm-none-eabi-5_4-2016q2/bin/../lib/gcc/arm-none-eabi/5.4.1/../../../../arm-none-eabi/lib/armv6-m/libc_nano.a(lib_a-nano-msizer.o)
 .ARM.attributes
                0x00000000000007fa       0x2c /Applications/eclipse/plugins/fr.ac6.mcu.externaltools.arm-none.macos64_1.11.0.201610101357/tools/gcc-arm-none-eabi-5_4-2016q2/bin/../lib/gcc/arm-none-eabi/5.4.1/../../../../arm-none-eabi/lib/armv6-m/libc_nano.a(lib_a-reent.o)
 .ARM.attributes
                0x0000000000000826       0x2c /Applications/eclipse/plugins/fr.ac6.mcu.externaltools.arm-none.macos64_1.11.0.201610101357/tools/gcc-arm-none-eabi-5_4-2016q2/bin/../lib/gcc/arm-none-eabi/5.4.1/../../../../arm-none-eabi/lib/armv6-m/libnosys.a(sbrk.o)
 .ARM.attributes
                0x0000000000000852       0x1e /Applications/eclipse/plugins/fr.ac6.mcu.externaltools.arm-none.macos64_1.11.0.201610101357/tools/gcc-arm-none-eabi-5_4-2016q2/bin/../lib/gcc/arm-none-eabi/5.4.1/armv6-m/crtn.o
OUTPUT(STM32L052_BB_Tests.elf elf32-littlearm)

.debug_info     0x0000000000000000     0x6d4d
 .debug_info    0x0000000000000000      0x208 Src/gpio.o
 .debug_info    0x0000000000000208      0x976 Src/main.o
 .debug_info    0x0000000000000b7e      0x4fd Src/rtc.o
 .debug_info    0x000000000000107b      0x305 Src/stm32l0xx_hal_msp.o
 .debug_info    0x0000000000001380       0xed Src/stm32l0xx_it.o
 .debug_info    0x000000000000146d      0xb83 Src/usart.o
 .debug_info    0x0000000000001ff0      0x734 Drivers/STM32L0xx_HAL_Driver/Src/stm32l0xx_hal.o
 .debug_info    0x0000000000002724      0x8d1 Drivers/STM32L0xx_HAL_Driver/Src/stm32l0xx_hal_cortex.o
 .debug_info    0x0000000000002ff5      0x64d Drivers/STM32L0xx_HAL_Driver/Src/stm32l0xx_hal_gpio.o
 .debug_info    0x0000000000003642      0xaf8 Drivers/STM32L0xx_HAL_Driver/Src/stm32l0xx_hal_rcc.o
 .debug_info    0x000000000000413a      0x76c Drivers/STM32L0xx_HAL_Driver/Src/stm32l0xx_hal_rcc_ex.o
 .debug_info    0x00000000000048a6      0xd08 Drivers/STM32L0xx_HAL_Driver/Src/stm32l0xx_hal_rtc.o
 .debug_info    0x00000000000055ae     0x1368 Drivers/STM32L0xx_HAL_Driver/Src/stm32l0xx_hal_uart.o
 .debug_info    0x0000000000006916      0x37b Drivers/CMSIS/Device/ST/STM32L0xx/Source/Templates/system_stm32l0xx.o
 .debug_info    0x0000000000006c91       0xbc Drivers/CMSIS/Device/ST/STM32L0xx/Source/Templates/gcc/startup_stm32l052xx.o

.debug_abbrev   0x0000000000000000     0x17d5
 .debug_abbrev  0x0000000000000000       0xb2 Src/gpio.o
 .debug_abbrev  0x00000000000000b2      0x19c Src/main.o
 .debug_abbrev  0x000000000000024e      0x136 Src/rtc.o
 .debug_abbrev  0x0000000000000384       0xe9 Src/stm32l0xx_hal_msp.o
 .debug_abbrev  0x000000000000046d       0x9f Src/stm32l0xx_it.o
 .debug_abbrev  0x000000000000050c      0x25f Src/usart.o
 .debug_abbrev  0x000000000000076b      0x21b Drivers/STM32L0xx_HAL_Driver/Src/stm32l0xx_hal.o
 .debug_abbrev  0x0000000000000986      0x292 Drivers/STM32L0xx_HAL_Driver/Src/stm32l0xx_hal_cortex.o
 .debug_abbrev  0x0000000000000c18      0x1bc Drivers/STM32L0xx_HAL_Driver/Src/stm32l0xx_hal_gpio.o
 .debug_abbrev  0x0000000000000dd4      0x292 Drivers/STM32L0xx_HAL_Driver/Src/stm32l0xx_hal_rcc.o
 .debug_abbrev  0x0000000000001066      0x1e5 Drivers/STM32L0xx_HAL_Driver/Src/stm32l0xx_hal_rcc_ex.o
 .debug_abbrev  0x000000000000124b      0x1dc Drivers/STM32L0xx_HAL_Driver/Src/stm32l0xx_hal_rtc.o
 .debug_abbrev  0x0000000000001427      0x2a9 Drivers/STM32L0xx_HAL_Driver/Src/stm32l0xx_hal_uart.o
 .debug_abbrev  0x00000000000016d0       0xf3 Drivers/CMSIS/Device/ST/STM32L0xx/Source/Templates/system_stm32l0xx.o
 .debug_abbrev  0x00000000000017c3       0x12 Drivers/CMSIS/Device/ST/STM32L0xx/Source/Templates/gcc/startup_stm32l052xx.o

.debug_aranges  0x0000000000000000      0x5f0
 .debug_aranges
                0x0000000000000000       0x20 Src/gpio.o
 .debug_aranges
                0x0000000000000020       0x30 Src/main.o
 .debug_aranges
                0x0000000000000050       0x30 Src/rtc.o
 .debug_aranges
                0x0000000000000080       0x20 Src/stm32l0xx_hal_msp.o
 .debug_aranges
                0x00000000000000a0       0x30 Src/stm32l0xx_it.o
 .debug_aranges
                0x00000000000000d0       0x50 Src/usart.o
 .debug_aranges
                0x0000000000000120       0xd8 Drivers/STM32L0xx_HAL_Driver/Src/stm32l0xx_hal.o
 .debug_aranges
                0x00000000000001f8       0x80 Drivers/STM32L0xx_HAL_Driver/Src/stm32l0xx_hal_cortex.o
 .debug_aranges
                0x0000000000000278       0x58 Drivers/STM32L0xx_HAL_Driver/Src/stm32l0xx_hal_gpio.o
 .debug_aranges
                0x00000000000002d0       0x80 Drivers/STM32L0xx_HAL_Driver/Src/stm32l0xx_hal_rcc.o
 .debug_aranges
                0x0000000000000350       0x88 Drivers/STM32L0xx_HAL_Driver/Src/stm32l0xx_hal_rcc_ex.o
 .debug_aranges
                0x00000000000003d8       0xa8 Drivers/STM32L0xx_HAL_Driver/Src/stm32l0xx_hal_rtc.o
 .debug_aranges
                0x0000000000000480      0x120 Drivers/STM32L0xx_HAL_Driver/Src/stm32l0xx_hal_uart.o
 .debug_aranges
                0x00000000000005a0       0x28 Drivers/CMSIS/Device/ST/STM32L0xx/Source/Templates/system_stm32l0xx.o
 .debug_aranges
                0x00000000000005c8       0x28 Drivers/CMSIS/Device/ST/STM32L0xx/Source/Templates/gcc/startup_stm32l052xx.o

.debug_ranges   0x0000000000000000      0x618
 .debug_ranges  0x0000000000000000       0x28 Src/gpio.o
 .debug_ranges  0x0000000000000028       0x20 Src/main.o
 .debug_ranges  0x0000000000000048       0x20 Src/rtc.o
 .debug_ranges  0x0000000000000068       0x10 Src/stm32l0xx_hal_msp.o
 .debug_ranges  0x0000000000000078       0x20 Src/stm32l0xx_it.o
 .debug_ranges  0x0000000000000098       0x70 Src/usart.o
 .debug_ranges  0x0000000000000108       0xc8 Drivers/STM32L0xx_HAL_Driver/Src/stm32l0xx_hal.o
 .debug_ranges  0x00000000000001d0       0xf0 Drivers/STM32L0xx_HAL_Driver/Src/stm32l0xx_hal_cortex.o
 .debug_ranges  0x00000000000002c0       0x48 Drivers/STM32L0xx_HAL_Driver/Src/stm32l0xx_hal_gpio.o
 .debug_ranges  0x0000000000000308       0xb8 Drivers/STM32L0xx_HAL_Driver/Src/stm32l0xx_hal_rcc.o
 .debug_ranges  0x00000000000003c0       0x78 Drivers/STM32L0xx_HAL_Driver/Src/stm32l0xx_hal_rcc_ex.o
 .debug_ranges  0x0000000000000438       0x98 Drivers/STM32L0xx_HAL_Driver/Src/stm32l0xx_hal_rtc.o
 .debug_ranges  0x00000000000004d0      0x110 Drivers/STM32L0xx_HAL_Driver/Src/stm32l0xx_hal_uart.o
 .debug_ranges  0x00000000000005e0       0x18 Drivers/CMSIS/Device/ST/STM32L0xx/Source/Templates/system_stm32l0xx.o
 .debug_ranges  0x00000000000005f8       0x20 Drivers/CMSIS/Device/ST/STM32L0xx/Source/Templates/gcc/startup_stm32l052xx.o

.debug_macro    0x0000000000000000    0x14618
 .debug_macro   0x0000000000000000      0x312 Src/gpio.o
 .debug_macro   0x0000000000000312      0x838 Src/gpio.o
 .debug_macro   0x0000000000000b4a       0x9c Src/gpio.o
 .debug_macro   0x0000000000000be6       0x2e Src/gpio.o
 .debug_macro   0x0000000000000c14       0x28 Src/gpio.o
 .debug_macro   0x0000000000000c3c       0x22 Src/gpio.o
 .debug_macro   0x0000000000000c5e       0x87 Src/gpio.o
 .debug_macro   0x0000000000000ce5       0x44 Src/gpio.o
 .debug_macro   0x0000000000000d29       0xfd Src/gpio.o
 .debug_macro   0x0000000000000e26       0x5e Src/gpio.o
 .debug_macro   0x0000000000000e84      0x1df Src/gpio.o
 .debug_macro   0x0000000000001063       0x34 Src/gpio.o
 .debug_macro   0x0000000000001097       0x26 Src/gpio.o
 .debug_macro   0x00000000000010bd      0x44f Src/gpio.o
 .debug_macro   0x000000000000150c     0x9986 Src/gpio.o
 .debug_macro   0x000000000000ae92       0x3c Src/gpio.o
 .debug_macro   0x000000000000aece     0x3440 Src/gpio.o
 .debug_macro   0x000000000000e30e       0x52 Src/gpio.o
 .debug_macro   0x000000000000e360       0x35 Src/gpio.o
 .debug_macro   0x000000000000e395       0x9c Src/gpio.o
 .debug_macro   0x000000000000e431       0x16 Src/gpio.o
 .debug_macro   0x000000000000e447       0x97 Src/gpio.o
 .debug_macro   0x000000000000e4de      0x30d Src/gpio.o
 .debug_macro   0x000000000000e7eb       0xfd Src/gpio.o
 .debug_macro   0x000000000000e8e8       0x10 Src/gpio.o
 .debug_macro   0x000000000000e8f8       0x52 Src/gpio.o
 .debug_macro   0x000000000000e94a       0x1f Src/gpio.o
 .debug_macro   0x000000000000e969       0x43 Src/gpio.o
 .debug_macro   0x000000000000e9ac       0x20 Src/gpio.o
 .debug_macro   0x000000000000e9cc      0x187 Src/gpio.o
 .debug_macro   0x000000000000eb53       0x10 Src/gpio.o
 .debug_macro   0x000000000000eb63       0x1c Src/gpio.o
 .debug_macro   0x000000000000eb7f       0x52 Src/gpio.o
 .debug_macro   0x000000000000ebd1       0x40 Src/gpio.o
 .debug_macro   0x000000000000ec11       0x10 Src/gpio.o
 .debug_macro   0x000000000000ec21       0x40 Src/gpio.o
 .debug_macro   0x000000000000ec61       0xd7 Src/gpio.o
 .debug_macro   0x000000000000ed38       0x16 Src/gpio.o
 .debug_macro   0x000000000000ed4e      0x189 Src/gpio.o
 .debug_macro   0x000000000000eed7       0x50 Src/gpio.o
 .debug_macro   0x000000000000ef27      0x7eb Src/gpio.o
 .debug_macro   0x000000000000f712      0x788 Src/gpio.o
 .debug_macro   0x000000000000fe9a      0x14d Src/gpio.o
 .debug_macro   0x000000000000ffe7      0x17d Src/gpio.o
 .debug_macro   0x0000000000010164      0x272 Src/gpio.o
 .debug_macro   0x00000000000103d6      0x1ef Src/gpio.o
 .debug_macro   0x00000000000105c5      0x120 Src/gpio.o
 .debug_macro   0x00000000000106e5      0x2bf Src/gpio.o
 .debug_macro   0x00000000000109a4       0x12 Src/gpio.o
 .debug_macro   0x00000000000109b6      0x1d0 Src/gpio.o
 .debug_macro   0x0000000000010b86       0x4d Src/gpio.o
 .debug_macro   0x0000000000010bd3       0x66 Src/gpio.o
 .debug_macro   0x0000000000010c39      0x189 Src/gpio.o
 .debug_macro   0x0000000000010dc2       0x16 Src/gpio.o
 .debug_macro   0x0000000000010dd8      0x30c Src/gpio.o
 .debug_macro   0x00000000000110e4      0x3f1 Src/gpio.o
 .debug_macro   0x00000000000114d5       0xdd Src/gpio.o
 .debug_macro   0x00000000000115b2      0x535 Src/gpio.o
 .debug_macro   0x0000000000011ae7       0x77 Src/gpio.o
 .debug_macro   0x0000000000011b5e      0x13f Src/gpio.o
 .debug_macro   0x0000000000011c9d      0x34f Src/main.o
 .debug_macro   0x0000000000011fec       0x52 Src/main.o
 .debug_macro   0x000000000001203e       0x16 Src/main.o
 .debug_macro   0x0000000000012054       0x35 Src/main.o
 .debug_macro   0x0000000000012089       0x10 Src/main.o
 .debug_macro   0x0000000000012099      0x312 Src/rtc.o
 .debug_macro   0x00000000000123ab      0x308 Src/stm32l0xx_hal_msp.o
 .debug_macro   0x00000000000126b3      0x312 Src/stm32l0xx_it.o
 .debug_macro   0x00000000000129c5      0x341 Src/usart.o
 .debug_macro   0x0000000000012d06      0x32c Drivers/STM32L0xx_HAL_Driver/Src/stm32l0xx_hal.o
 .debug_macro   0x0000000000013032      0x308 Drivers/STM32L0xx_HAL_Driver/Src/stm32l0xx_hal_cortex.o
 .debug_macro   0x000000000001333a      0x341 Drivers/STM32L0xx_HAL_Driver/Src/stm32l0xx_hal_gpio.o
 .debug_macro   0x000000000001367b      0x356 Drivers/STM32L0xx_HAL_Driver/Src/stm32l0xx_hal_rcc.o
 .debug_macro   0x00000000000139d1      0x31a Drivers/STM32L0xx_HAL_Driver/Src/stm32l0xx_hal_rcc_ex.o
 .debug_macro   0x0000000000013ceb      0x308 Drivers/STM32L0xx_HAL_Driver/Src/stm32l0xx_hal_rtc.o
 .debug_macro   0x0000000000013ff3      0x317 Drivers/STM32L0xx_HAL_Driver/Src/stm32l0xx_hal_uart.o
 .debug_macro   0x000000000001430a      0x30e Drivers/CMSIS/Device/ST/STM32L0xx/Source/Templates/system_stm32l0xx.o

.debug_line     0x0000000000000000     0x9244
 .debug_line    0x0000000000000000      0x88f Src/gpio.o
 .debug_line    0x000000000000088f      0x93f Src/main.o
 .debug_line    0x00000000000011ce      0x8c0 Src/rtc.o
 .debug_line    0x0000000000001a8e      0x899 Src/stm32l0xx_hal_msp.o
 .debug_line    0x0000000000002327      0x8c0 Src/stm32l0xx_it.o
 .debug_line    0x0000000000002be7      0x96d Src/usart.o
 .debug_line    0x0000000000003554      0xa8f Drivers/STM32L0xx_HAL_Driver/Src/stm32l0xx_hal.o
 .debug_line    0x0000000000003fe3      0xa4c Drivers/STM32L0xx_HAL_Driver/Src/stm32l0xx_hal_cortex.o
 .debug_line    0x0000000000004a2f      0xa40 Drivers/STM32L0xx_HAL_Driver/Src/stm32l0xx_hal_gpio.o
 .debug_line    0x000000000000546f      0xbcc Drivers/STM32L0xx_HAL_Driver/Src/stm32l0xx_hal_rcc.o
 .debug_line    0x000000000000603b      0xb65 Drivers/STM32L0xx_HAL_Driver/Src/stm32l0xx_hal_rcc_ex.o
 .debug_line    0x0000000000006ba0      0xc77 Drivers/STM32L0xx_HAL_Driver/Src/stm32l0xx_hal_rtc.o
 .debug_line    0x0000000000007817     0x1085 Drivers/STM32L0xx_HAL_Driver/Src/stm32l0xx_hal_uart.o
 .debug_line    0x000000000000889c      0x8f6 Drivers/CMSIS/Device/ST/STM32L0xx/Source/Templates/system_stm32l0xx.o
 .debug_line    0x0000000000009192       0xb2 Drivers/CMSIS/Device/ST/STM32L0xx/Source/Templates/gcc/startup_stm32l052xx.o

.debug_str      0x0000000000000000    0x75699
 .debug_str     0x0000000000000000    0x73304 Src/gpio.o
                                      0x735fa (size before relaxing)
 .debug_str     0x0000000000073304      0x81e Src/main.o
                                      0x73e17 (size before relaxing)
 .debug_str     0x0000000000073b22       0x46 Src/rtc.o
                                      0x7380f (size before relaxing)
 .debug_str     0x0000000000073b68       0x27 Src/stm32l0xx_hal_msp.o
                                      0x73798 (size before relaxing)
 .debug_str     0x0000000000073b8f       0x7c Src/stm32l0xx_it.o
                                      0x7359e (size before relaxing)
 .debug_str     0x0000000000073c0b      0x50c Src/usart.o
                                      0x73d3b (size before relaxing)
 .debug_str     0x0000000000074117      0x3b4 Drivers/STM32L0xx_HAL_Driver/Src/stm32l0xx_hal.o
                                      0x73c6a (size before relaxing)
 .debug_str     0x00000000000744cb      0x28a Drivers/STM32L0xx_HAL_Driver/Src/stm32l0xx_hal_cortex.o
                                      0x73a88 (size before relaxing)
 .debug_str     0x0000000000074755      0x240 Drivers/STM32L0xx_HAL_Driver/Src/stm32l0xx_hal_gpio.o
                                      0x73924 (size before relaxing)
 .debug_str     0x0000000000074995      0x338 Drivers/STM32L0xx_HAL_Driver/Src/stm32l0xx_hal_rcc.o
                                      0x73c2c (size before relaxing)
 .debug_str     0x0000000000074ccd      0x2e3 Drivers/STM32L0xx_HAL_Driver/Src/stm32l0xx_hal_rcc_ex.o
                                      0x73ad3 (size before relaxing)
 .debug_str     0x0000000000074fb0      0x1e1 Drivers/STM32L0xx_HAL_Driver/Src/stm32l0xx_hal_rtc.o
                                      0x73a58 (size before relaxing)
 .debug_str     0x0000000000075191      0x488 Drivers/STM32L0xx_HAL_Driver/Src/stm32l0xx_hal_uart.o
                                      0x73fde (size before relaxing)
 .debug_str     0x0000000000075619       0x80 Drivers/CMSIS/Device/ST/STM32L0xx/Source/Templates/system_stm32l0xx.o
                                      0x736e8 (size before relaxing)

.comment        0x0000000000000000       0x6e
 .comment       0x0000000000000000       0x6e Src/gpio.o
                                         0x6f (size before relaxing)
 .comment       0x000000000000006e       0x6f Src/main.o
 .comment       0x000000000000006e       0x6f Src/rtc.o
 .comment       0x000000000000006e       0x6f Src/stm32l0xx_hal_msp.o
 .comment       0x000000000000006e       0x6f Src/stm32l0xx_it.o
 .comment       0x000000000000006e       0x6f Src/usart.o
 .comment       0x000000000000006e       0x6f Drivers/STM32L0xx_HAL_Driver/Src/stm32l0xx_hal.o
 .comment       0x000000000000006e       0x6f Drivers/STM32L0xx_HAL_Driver/Src/stm32l0xx_hal_cortex.o
 .comment       0x000000000000006e       0x6f Drivers/STM32L0xx_HAL_Driver/Src/stm32l0xx_hal_gpio.o
 .comment       0x000000000000006e       0x6f Drivers/STM32L0xx_HAL_Driver/Src/stm32l0xx_hal_rcc.o
 .comment       0x000000000000006e       0x6f Drivers/STM32L0xx_HAL_Driver/Src/stm32l0xx_hal_rcc_ex.o
 .comment       0x000000000000006e       0x6f Drivers/STM32L0xx_HAL_Driver/Src/stm32l0xx_hal_rtc.o
 .comment       0x000000000000006e       0x6f Drivers/STM32L0xx_HAL_Driver/Src/stm32l0xx_hal_uart.o
 .comment       0x000000000000006e       0x6f Drivers/CMSIS/Device/ST/STM32L0xx/Source/Templates/system_stm32l0xx.o

.debug_frame    0x0000000000000000     0x1388
 .debug_frame   0x0000000000000000       0x24 Src/gpio.o
 .debug_frame   0x0000000000000024       0x5c Src/main.o
 .debug_frame   0x0000000000000080       0x48 Src/rtc.o
 .debug_frame   0x00000000000000c8       0x28 Src/stm32l0xx_hal_msp.o
 .debug_frame   0x00000000000000f0       0x68 Src/stm32l0xx_it.o
 .debug_frame   0x0000000000000158       0xe8 Src/usart.o
 .debug_frame   0x0000000000000240      0x1c4 Drivers/STM32L0xx_HAL_Driver/Src/stm32l0xx_hal.o
 .debug_frame   0x0000000000000404       0xf4 Drivers/STM32L0xx_HAL_Driver/Src/stm32l0xx_hal_cortex.o
 .debug_frame   0x00000000000004f8       0xbc Drivers/STM32L0xx_HAL_Driver/Src/stm32l0xx_hal_gpio.o
 .debug_frame   0x00000000000005b4      0x134 Drivers/STM32L0xx_HAL_Driver/Src/stm32l0xx_hal_rcc.o
 .debug_frame   0x00000000000006e8      0x128 Drivers/STM32L0xx_HAL_Driver/Src/stm32l0xx_hal_rcc_ex.o
 .debug_frame   0x0000000000000810      0x230 Drivers/STM32L0xx_HAL_Driver/Src/stm32l0xx_hal_rtc.o
 .debug_frame   0x0000000000000a40      0x3c0 Drivers/STM32L0xx_HAL_Driver/Src/stm32l0xx_hal_uart.o
 .debug_frame   0x0000000000000e00       0x3c Drivers/CMSIS/Device/ST/STM32L0xx/Source/Templates/system_stm32l0xx.o
 .debug_frame   0x0000000000000e3c       0x20 /Applications/eclipse/plugins/fr.ac6.mcu.externaltools.arm-none.macos64_1.11.0.201610101357/tools/gcc-arm-none-eabi-5_4-2016q2/bin/../lib/gcc/arm-none-eabi/5.4.1/armv6-m/libgcc.a(_udivsi3.o)
 .debug_frame   0x0000000000000e5c       0x2c /Applications/eclipse/plugins/fr.ac6.mcu.externaltools.arm-none.macos64_1.11.0.201610101357/tools/gcc-arm-none-eabi-5_4-2016q2/bin/../lib/gcc/arm-none-eabi/5.4.1/armv6-m/libgcc.a(_fixunsdfsi.o)
 .debug_frame   0x0000000000000e88       0x3c /Applications/eclipse/plugins/fr.ac6.mcu.externaltools.arm-none.macos64_1.11.0.201610101357/tools/gcc-arm-none-eabi-5_4-2016q2/bin/../lib/gcc/arm-none-eabi/5.4.1/armv6-m/libgcc.a(adddf3.o)
 .debug_frame   0x0000000000000ec4       0x3c /Applications/eclipse/plugins/fr.ac6.mcu.externaltools.arm-none.macos64_1.11.0.201610101357/tools/gcc-arm-none-eabi-5_4-2016q2/bin/../lib/gcc/arm-none-eabi/5.4.1/armv6-m/libgcc.a(divdf3.o)
 .debug_frame   0x0000000000000f00       0x3c /Applications/eclipse/plugins/fr.ac6.mcu.externaltools.arm-none.macos64_1.11.0.201610101357/tools/gcc-arm-none-eabi-5_4-2016q2/bin/../lib/gcc/arm-none-eabi/5.4.1/armv6-m/libgcc.a(muldf3.o)
 .debug_frame   0x0000000000000f3c       0x38 /Applications/eclipse/plugins/fr.ac6.mcu.externaltools.arm-none.macos64_1.11.0.201610101357/tools/gcc-arm-none-eabi-5_4-2016q2/bin/../lib/gcc/arm-none-eabi/5.4.1/armv6-m/libgcc.a(subdf3.o)
 .debug_frame   0x0000000000000f74       0x2c /Applications/eclipse/plugins/fr.ac6.mcu.externaltools.arm-none.macos64_1.11.0.201610101357/tools/gcc-arm-none-eabi-5_4-2016q2/bin/../lib/gcc/arm-none-eabi/5.4.1/armv6-m/libgcc.a(fixdfsi.o)
 .debug_frame   0x0000000000000fa0       0x2c /Applications/eclipse/plugins/fr.ac6.mcu.externaltools.arm-none.macos64_1.11.0.201610101357/tools/gcc-arm-none-eabi-5_4-2016q2/bin/../lib/gcc/arm-none-eabi/5.4.1/armv6-m/libgcc.a(floatunsidf.o)
 .debug_frame   0x0000000000000fcc       0x38 /Applications/eclipse/plugins/fr.ac6.mcu.externaltools.arm-none.macos64_1.11.0.201610101357/tools/gcc-arm-none-eabi-5_4-2016q2/bin/../lib/gcc/arm-none-eabi/5.4.1/armv6-m/libgcc.a(eqdf2.o)
 .debug_frame   0x0000000000001004       0x38 /Applications/eclipse/plugins/fr.ac6.mcu.externaltools.arm-none.macos64_1.11.0.201610101357/tools/gcc-arm-none-eabi-5_4-2016q2/bin/../lib/gcc/arm-none-eabi/5.4.1/armv6-m/libgcc.a(gedf2.o)
 .debug_frame   0x000000000000103c       0x38 /Applications/eclipse/plugins/fr.ac6.mcu.externaltools.arm-none.macos64_1.11.0.201610101357/tools/gcc-arm-none-eabi-5_4-2016q2/bin/../lib/gcc/arm-none-eabi/5.4.1/armv6-m/libgcc.a(ledf2.o)
 .debug_frame   0x0000000000001074       0x2c /Applications/eclipse/plugins/fr.ac6.mcu.externaltools.arm-none.macos64_1.11.0.201610101357/tools/gcc-arm-none-eabi-5_4-2016q2/bin/../lib/gcc/arm-none-eabi/5.4.1/../../../../arm-none-eabi/lib/armv6-m/libc_nano.a(lib_a-init.o)
 .debug_frame   0x00000000000010a0       0x44 /Applications/eclipse/plugins/fr.ac6.mcu.externaltools.arm-none.macos64_1.11.0.201610101357/tools/gcc-arm-none-eabi-5_4-2016q2/bin/../lib/gcc/arm-none-eabi/5.4.1/../../../../arm-none-eabi/lib/armv6-m/libc_nano.a(lib_a-vsprintf.o)
 .debug_frame   0x00000000000010e4       0x74 /Applications/eclipse/plugins/fr.ac6.mcu.externaltools.arm-none.macos64_1.11.0.201610101357/tools/gcc-arm-none-eabi-5_4-2016q2/bin/../lib/gcc/arm-none-eabi/5.4.1/../../../../arm-none-eabi/lib/armv6-m/libc_nano.a(lib_a-nano-svfprintf.o)
 .debug_frame   0x0000000000001158       0x54 /Applications/eclipse/plugins/fr.ac6.mcu.externaltools.arm-none.macos64_1.11.0.201610101357/tools/gcc-arm-none-eabi-5_4-2016q2/bin/../lib/gcc/arm-none-eabi/5.4.1/../../../../arm-none-eabi/lib/armv6-m/libc_nano.a(lib_a-nano-vfprintf_i.o)
 .debug_frame   0x00000000000011ac       0x20 /Applications/eclipse/plugins/fr.ac6.mcu.externaltools.arm-none.macos64_1.11.0.201610101357/tools/gcc-arm-none-eabi-5_4-2016q2/bin/../lib/gcc/arm-none-eabi/5.4.1/../../../../arm-none-eabi/lib/armv6-m/libc_nano.a(lib_a-memchr-stub.o)
 .debug_frame   0x00000000000011cc       0x28 /Applications/eclipse/plugins/fr.ac6.mcu.externaltools.arm-none.macos64_1.11.0.201610101357/tools/gcc-arm-none-eabi-5_4-2016q2/bin/../lib/gcc/arm-none-eabi/5.4.1/../../../../arm-none-eabi/lib/armv6-m/libc_nano.a(lib_a-memcpy-stub.o)
 .debug_frame   0x00000000000011f4       0x28 /Applications/eclipse/plugins/fr.ac6.mcu.externaltools.arm-none.macos64_1.11.0.201610101357/tools/gcc-arm-none-eabi-5_4-2016q2/bin/../lib/gcc/arm-none-eabi/5.4.1/../../../../arm-none-eabi/lib/armv6-m/libc_nano.a(lib_a-memmove.o)
 .debug_frame   0x000000000000121c       0x2c /Applications/eclipse/plugins/fr.ac6.mcu.externaltools.arm-none.macos64_1.11.0.201610101357/tools/gcc-arm-none-eabi-5_4-2016q2/bin/../lib/gcc/arm-none-eabi/5.4.1/../../../../arm-none-eabi/lib/armv6-m/libc_nano.a(lib_a-nano-freer.o)
 .debug_frame   0x0000000000001248       0x2c /Applications/eclipse/plugins/fr.ac6.mcu.externaltools.arm-none.macos64_1.11.0.201610101357/tools/gcc-arm-none-eabi-5_4-2016q2/bin/../lib/gcc/arm-none-eabi/5.4.1/../../../../arm-none-eabi/lib/armv6-m/libc_nano.a(lib_a-nano-mallocr.o)
 .debug_frame   0x0000000000001274       0x30 /Applications/eclipse/plugins/fr.ac6.mcu.externaltools.arm-none.macos64_1.11.0.201610101357/tools/gcc-arm-none-eabi-5_4-2016q2/bin/../lib/gcc/arm-none-eabi/5.4.1/../../../../arm-none-eabi/lib/armv6-m/libc_nano.a(lib_a-nano-reallocr.o)
 .debug_frame   0x00000000000012a4       0x2c /Applications/eclipse/plugins/fr.ac6.mcu.externaltools.arm-none.macos64_1.11.0.201610101357/tools/gcc-arm-none-eabi-5_4-2016q2/bin/../lib/gcc/arm-none-eabi/5.4.1/../../../../arm-none-eabi/lib/armv6-m/libc_nano.a(lib_a-sbrkr.o)
 .debug_frame   0x00000000000012d0       0x30 /Applications/eclipse/plugins/fr.ac6.mcu.externaltools.arm-none.macos64_1.11.0.201610101357/tools/gcc-arm-none-eabi-5_4-2016q2/bin/../lib/gcc/arm-none-eabi/5.4.1/../../../../arm-none-eabi/lib/armv6-m/libc_nano.a(lib_a-mlock.o)
 .debug_frame   0x0000000000001300       0x20 /Applications/eclipse/plugins/fr.ac6.mcu.externaltools.arm-none.macos64_1.11.0.201610101357/tools/gcc-arm-none-eabi-5_4-2016q2/bin/../lib/gcc/arm-none-eabi/5.4.1/../../../../arm-none-eabi/lib/armv6-m/libc_nano.a(lib_a-nano-msizer.o)
 .debug_frame   0x0000000000001320       0x48 /Applications/eclipse/plugins/fr.ac6.mcu.externaltools.arm-none.macos64_1.11.0.201610101357/tools/gcc-arm-none-eabi-5_4-2016q2/bin/../lib/gcc/arm-none-eabi/5.4.1/../../../../arm-none-eabi/lib/armv6-m/libc_nano.a(lib_a-reent.o)
 .debug_frame   0x0000000000001368       0x20 /Applications/eclipse/plugins/fr.ac6.mcu.externaltools.arm-none.macos64_1.11.0.201610101357/tools/gcc-arm-none-eabi-5_4-2016q2/bin/../lib/gcc/arm-none-eabi/5.4.1/../../../../arm-none-eabi/lib/armv6-m/libnosys.a(sbrk.o)

.debug_loc      0x0000000000000000     0x2bea
 .debug_loc     0x0000000000000000       0xe7 Src/usart.o
 .debug_loc     0x00000000000000e7       0xac Drivers/STM32L0xx_HAL_Driver/Src/stm32l0xx_hal.o
 .debug_loc     0x0000000000000193      0x3da Drivers/STM32L0xx_HAL_Driver/Src/stm32l0xx_hal_cortex.o
 .debug_loc     0x000000000000056d      0x2cc Drivers/STM32L0xx_HAL_Driver/Src/stm32l0xx_hal_gpio.o
 .debug_loc     0x0000000000000839      0x4bc Drivers/STM32L0xx_HAL_Driver/Src/stm32l0xx_hal_rcc.o
 .debug_loc     0x0000000000000cf5      0x510 Drivers/STM32L0xx_HAL_Driver/Src/stm32l0xx_hal_rcc_ex.o
 .debug_loc     0x0000000000001205      0xab7 Drivers/STM32L0xx_HAL_Driver/Src/stm32l0xx_hal_rtc.o
 .debug_loc     0x0000000000001cbc      0xe0b Drivers/STM32L0xx_HAL_Driver/Src/stm32l0xx_hal_uart.o
 .debug_loc     0x0000000000002ac7      0x123 Drivers/CMSIS/Device/ST/STM32L0xx/Source/Templates/system_stm32l0xx.o
